Archive member included because of file (symbol)

../../lib/libc.a(memcmp.o)    ././tmsdown.o (memcmp)
../../lib/libc.a(memcpy.o)    ././tmsdown.o (memcpy)
../../lib/libc.a(memset.o)    ././tmsdown.o (memset)
../../lib/libc.a(strcmp.o)    ././key.o (strcmp)
../../lib/libc.a(strcpy.o)    ././tmsdown.o (strcpy)
../../lib/libc.a(strlen.o)    ././tmsdown.o (strlen)
../../lib/libc.a(strcat.o)    ././rtc.o (strcat)
../../lib/libc.a(strncmp.o)   ././htmlutil.o (strncmp)
../../lib/libc.a(strncpy.o)   ././utils.o (strncpy)
../../lib/libc.a(strchr.o)    ././htmlutil.o (strchr)
../../lib/libc.a(strstr.o)    ././gsm.o (strstr)
../../lib/libc.a(ctypef.o)    ././htmlutil.o (isalnum)
../../lib/libc.a(atof.o)      ././printer.o (atof)
../../lib/libc.a(atol.o)      ././rtc.o (atol)
../../lib/libc.a(atoi.o)      ././tmsdown.o (atoi)
../../lib/libc.a(strtol.o)    ../../lib/libc.a(atol.o) (strtol)
../../lib/libc.a(strtod.o)    ../../lib/libc.a(atof.o) (strtod)
../../lib/libc.a(sprintf.o)   ././tmsdown.o (sprintf)
../../lib/libc.a(vsprintf.o)  ../../lib/libc.a(sprintf.o) (__vsnprintf)
../../lib/libc.a(ctype.o)     ../../lib/libc.a(ctypef.o) (_ctype)
../../lib/libc.a(errno.o)     ../../lib/libc.a(strtol.o) (errno)
../../lib/libc.a(isinf.o)     ../../lib/libc.a(strtod.o) (isinf)
../../lib/libc.a(ldexp.o)     ../../lib/libc.a(strtod.o) (ldexp)
../../lib/libc.a(_doprnt.o)   ../../lib/libc.a(vsprintf.o) (vfprintf)
../../lib/libc.a(_iobdata.o)  ../../lib/libc.a(_doprnt.o) (_libc_data)
../../lib/libc.a(_iobfuncs.o)
                              ../../lib/libc.a(_iobdata.o) (_fflush_simple)
../../lib/libc.a(_iobstring.o)
                              ../../lib/libc.a(vsprintf.o) (_io_strfuncs)
../../lib/libc.a(flock.o)     ../../lib/libc.a(_doprnt.o) (flockfile)
../../lib/libc.a(modf.o)      ../../lib/libc.a(_doprnt.o) (modf)
../../lib/libc.a(_fwalk.o)    ../../lib/libc.a(flock.o) (_fwalk)
../../lib/libe.a(_muldf3.o)   ././key.o (__muldf3)
../../lib/libe.a(_adddf3.o)   ././scard.o (__adddf3)
../../lib/libe.a(_fixdfsi.o)  ././key.o (__fixdfsi)
../../lib/libe.a(_floatsidf.o)
                              ././scard.o (__floatsidf)
../../sdk/Bitel_Bitel.a(BITEL_TL.o)
                              ././scard.o (TL_SendReceive)
../../sdk/Bitel_Bitel.a(CryptoLib.o)
                              ././key.o (CryptoKeyLoad)
../../sdk/Bitel_Bitel.a(EMV_APP.o)
                              ././scard.o (gbIccAIDno)
../../sdk/Bitel_Bitel.a(EMV_CAT.o)
                              ../../sdk/Bitel_Bitel.a(EMV_APP.o) (TrmARC_Y1)
../../sdk/Bitel_Bitel.a(ISO8583.o)
                              ././htmlutil.o (asc2bcd)
../../sdk/Bitel_Bitel.a(KEYLIB.o)
                              ././rtc.o (ucKeyCnt)
../../sdk/Bitel_Bitel.a(KEYPAD.o)
                              ././scard.o (gbLangCode)
../../sdk/Bitel_Bitel.a(LCDLIB.o)
                              ../../sdk/Bitel_Bitel.a(KEYLIB.o) (CursorOn)
../../sdk/Bitel_Bitel.a(RTCLIB.o)
                              ../../sdk/Bitel_Bitel.a(KEYLIB.o) (CheckLeapMonth)
../../sdk/Bitel_Bitel.a(RTCLIB2.o)
                              ././tmsdown.o (RTC_GetDateTime)
../../sdk/Bitel_Bitel.a(TIMERLIB.o)
                              ../../sdk/Bitel_Bitel.a(KEYPAD.o) (WaitKeyPress10MS)
../../sdk/Bitel_Bitel.a(UTILLIB.o)
                              ././printer.o (IndianNo2FarsiNo)
../../sdk/Bitel_Bitel.a(_ledf2.o)
                              ../../sdk/Bitel_Bitel.a(EMV_APP.o) (__ledf2)
../../sdk/Bitel_Bitel.a(_orderdf2.o)
                              ../../sdk/Bitel_Bitel.a(_ledf2.o) (__orderdf2)
../../sdk/Bitel_Bitel.a(asmutil.o)
                              ./../../Object/cstartup.o (MEMSZIELIMIT_TABLE)
../../sdk/Bitel_Bitel.a(btutils.o)
                              ././reftable.o (utils_function)
../../sdk/Bitel_Bitel.a(emv_APDU.o)
                              ././scard.o (gem_Protocol)
../../sdk/Bitel_Bitel.a(emv_init.o)
                              ../../sdk/Bitel_Bitel.a(BITEL_TL.o) (emv_init)
../../sdk/Bitel_Bitel.a(emv_power_up.o)
                              ../../sdk/Bitel_Bitel.a(BITEL_TL.o) (emv_power_up)
../../sdk/Bitel_Bitel.a(emv_set_slot_info.o)
                              ../../sdk/Bitel_Bitel.a(emv_power_up.o) (emv_set_slot_info)
../../sdk/Bitel_Bitel.a(emv_t1.o)
                              ../../sdk/Bitel_Bitel.a(emv_power_up.o) (emv_t1_block)
../../sdk/Bitel_Bitel.a(emv_timer.o)
                              ../../sdk/Bitel_Bitel.a(emv_power_up.o) (emv_timer_halt)
../../sdk/Bitel_Bitel.a(emv_transmit.o)
                              ../../sdk/Bitel_Bitel.a(BITEL_TL.o) (emv_transmit)
../../sdk/Bitel_Bitel.a(gem_TL.o)
                              ././scard.o (GemSlotNo)
../../sdk/Bitel_Bitel.a(hal_apm.o)
                              ../../sdk/Bitel_Bitel.a(emv_timer.o) (hal_apm_get_clock_frequency)
../../sdk/Bitel_Bitel.a(hal_apm_clock.o)
                              ../../sdk/Bitel_Bitel.a(hal_apm.o) (hal_apm_change_clock_frequency)
../../sdk/Bitel_Bitel.a(hal_flash.o)
[...]
Memory Configuration

Name             Origin             Length             Attributes
flash            0x0000000040000000 0x0000000000800000 xrw
sram             0x0000000050000000 0x0000000000200000 xrw
*default*        0x0000000000000000 0xffffffffffffffff

Linker script and memory map


.com.vect.r     0x0000000040000000      0x614
 *(.cstartup)
 .cstartup      0x0000000040000000      0x614 ./../../Object/cstartup.o
                0x0000000040000574                SEARCH_REFTABLE
                0x0000000040000000                int_vector
                0x0000000040000240                ASMSTART

.usr.text       0x0000000040000618    0xcda34
                0x0000000040000618                _stext = .
                0x0000000040000618                _ftext = .
 *(.lib.prog)
 .lib.prog      0x0000000040000618     0x7844 ../../sdk/Bitel_Bitel.a(asmutil.o)
                0x0000000040006378                CheckCrc16
                0x0000000040002250                ICON_CLOCK_DISPLAY
                0x00000000400006c8                CHECK_RFCTS
                0x0000000040006e24                BT_flash_write
                0x0000000040005690                FIND_APP
                0x000000004000450c                WRCOM0
                0x0000000040004b68                EDITINS
                0x00000000400006d4                DTR_HIGH
                0x00000000400014cc                DISPLAY_BCLEAR
                0x000000004000361c                PINPAD_SEL
                0x00000000400009c8                ONLINE_READ
                0x000000004000285c                ADV_DISPLAY
                0x0000000040003654                SET_SERIAL_COMBO
                0x00000000400060a4                InitCrc16A
                0x0000000040000a50                SET_BUFFER_SIZE_8K
                0x0000000040007648                RAM_Program_Init
                0x0000000040004894                READ_COM1
                0x0000000040000784                RS232BAUD
                0x0000000040000dd4                SET_VERSION_NUMBER
                0x000000004000198c                STR_DISPLAY
                0x0000000040000768                MODEM_PARITY
                0x00000000400022ac                CHECK_LCD_TYPE
                0x0000000040002944                USE_PRTFONT
                0x0000000040000f48                L4_SUB
                0x000000004000231c                GRA_LOAD
                0x0000000040005e2c                CheckProgCrc16
                0x0000000040001300                DSPFHAN
                0x0000000040003634                RFCARD_SEL
                0x00000000400036f0                UARTRXCOUNT
                0x0000000040004bd0                EDIT_CURSOR_INC
                0x000000004000073c                COM3RXCOUNT
                0x0000000040004c90                EDIT_CURSOR_DEC
                0x0000000040005954                SYNC_MODE
                0x0000000040004098                WRCOM3
                0x0000000040004eec                EDIT_INIT
                0x0000000040004dcc                EDIT_DISPLAY
                0x0000000040000e10                BUZZOFF
                0x0000000040002e44                DISPOS
                0x0000000040003684                SC_RESET
                0x0000000040002dbc                LCDCNOR
                0x0000000040004dc4                GET_SP
                0x000000004000138c                DSPFENG
                0x0000000040002ce0                BINVERT
                0x0000000040007b34                GET_X_Y_Z
                0x00000000400006e4                COM1RXCOUNT
                0x00000000400015c4                LCD_CLEAR
                0x0000000040003f8c                GEMRXCOUNT
                0x0000000040000ad4                KEYSCAN
                0x000000004000230c                GRAMOVE_OFF
                0x0000000040000a04                MAKEONLINE
                0x0000000040000798                READ_RS232_STATUS
                0x0000000040000874                COM1_POINT_INIT
                0x000000004000675c                flash_memcmp
                0x00000000400008e4                COM3_POINT_INIT
                0x00000000400068c8                BT_flash_init
                0x0000000040000618                SLE_OPEN
                0x0000000040006a40                BT_flash_shutdown
                0x0000000040001fac                ICONCSS
                0x00000000400036bc                UART_FLOW_CONTROL_MODE
                0x00000000400058bc                ENTER_REBOOT
                0x000000004000367c                ASYNC_SEL
                0x000000004000362c                SCARD_SEL
                0x00000000400036f8                READ_UART
                0x00000000400029d4                USE_PRTFONT_2B
                0x0000000040004d54                SAVE_CURSORE
                0x0000000040000710                COM2RXCOUNT
                0x00000000400022e4                GRAMOVE_ON
                0x00000000400048bc                RDCOM0
                0x0000000040002514                _GRA_SCROLL
                0x0000000040003664                CONNECT_PC_TO_PINPAD
                0x000000004000368c                _COMM_RESET
                0x0000000040005934                MODEM_START
                0x0000000040004650                WRITE_COM0
                0x00000000400038e0                WRGEM
                0x000000004000220c                CLEAR_ICON_CLOCK
                0x00000000400026f8                ASC2HEX
                0x0000000040002f78                LCDBOX_OFF
                0x0000000040000fdc                LCDDISP
                0x0000000040003fc0                BDeltaMS
                0x000000004000593c                MODEM_STOP
                0x0000000040000a48                LEDOFFS
                0x0000000040003600                MODEM_SEL
                0x0000000040003824                GEMRXGET
                0x0000000040005964                MODEM_SERVICE
                0x0000000040004688                RDCOM3
                0x0000000040003710                UART_ENABLE
                0x00000000400035f8                RS232_SEL
                0x0000000040000774                UART_SETUP
                0x0000000040001c48                SEGLD
                0x0000000040002a1c                LCDCURD
                0x00000000400036d8                UART_ENABLE_ASM
                0x0000000040002780                HEX2ASC
                0x000000004000083c                COM0_POINT_INIT
                0x00000000400036ac                RTS_SET
                0x00000000400041dc                WRITE_COM3
                0x0000000040000a20                MAKEOFFLINE
                0x0000000040001864                LCD_DISPLAY
                0x0000000040000ec4                STR_SUB
                0x0000000040005adc                INFO_DISPLAY
                0x00000000400006dc                DTR_LOW
                0x000000004000091c                UART_POINT_INIT
                0x000000004000381c                GEMTX_ENABLE
                0x0000000040004214                WRCOM2
                0x00000000400007d4                PIN_TX_ENABLE
                0x0000000040006b48                BT_flash_erase
                0x0000000040001a88                FONT_LOAD
                0x0000000040006eb4                BT_flash_unprotect
                0x000000004000363c                AUX_SEL
                0x0000000040002fcc                LCDBLK_OFF
                0x0000000040003fb8                RDGEM
                0x00000000400008ac                COM2_POINT_INIT
                0x0000000040002c74                BINVERT_COM
                0x0000000040003700                WRITE_UART
                0x0000000040002ec0                GETDPOS
                0x0000000040001c84                ICON_DISPLAY
                0x0000000040007bb8                GET_PROD_ID
                0x0000000040000e68                GET_CURSORP
                0x0000000040005944                MODEM_BLIND
                0x0000000040000808                PIN_DISABLE
                0x000000004000366c                DISCONNECT_PC_TO_PINPAD
                0x0000000040003778                GEMRXPOINT_INIT
                0x00000000400044d4                WRITE_COM1
                0x0000000040003674                SYNC_SEL
                0x0000000040004800                RDCOM1
                0x0000000040000a40                LEDONS
                0x00000000400007a0                PIN_RX_ENABLE
                0x0000000040005624                BIOS_WRITE
                0x0000000040005c38                nmi_display_routine
                0x00000000400009c0                HEAD_CENTER
                0x0000000040003610                SELCOM
                0x0000000040001770                CHAR_DISPLAY
                0x000000004000298c                USE_LCDFONT_2B
                0x000000004000369c                DTR_SET
                0x0000000040004e24                NUMENG_DISPLAY
                0x0000000040007cbc                SAVE_PROD_ID
                0x00000000400014a8                ALLDISP
                0x0000000040005970                LCDprintf
                0x00000000400057d0                FINDEXIST_STRING
                0x0000000040000df8                SET_PRINTER_CURRENT_LIMIT
                0x0000000040005634                ERASE_BOOT
                0x0000000040004744                RDCOM2
                0x000000004000471c                READ_COM3
                0x0000000040003624                SERIAL2_SEL
                0x0000000040000e40                LCD_ON
                0x0000000040006604                DELETE_APPLICATION
                0x0000000040001704                DISPLAY_LINE
                0x0000000040004950                READ_COM0
                0x0000000040003194                LCDBOX_DISPLAY
                0x00000000400026bc                ASC2HES
                0x00000000400047d8                READ_COM2
                0x0000000040005164                TEXT_EDIT
                0x00000000400066d4                flash_memcpy
                0x0000000040000954                PIN_ENTRY_PROCESS
                0x0000000040005618                SAVE_BOOT
                0x0000000040000de0                SAVE_PRINT_KEY
                0x000000004000592c                SYSTEM_DOWNLOAD
                0x0000000040004358                WRITE_COM2
                0x0000000040004390                WRCOM1
                0x0000000040005730                FINDAPP_STRING
                0x000000004000300c                LCDBLK_ON
                0x00000000400034d8                LCD_BLINKING
                0x0000000040003644                SET_SERIAL_OUTPUT
                0x00000000400028fc                USE_LCDFONT
                0x0000000040006a5c                BT_flash_get_info
                0x0000000040004d9c                SAVE_SPACE
                0x0000000040003798                BCD2ASC
                0x0000000040004978                LCDBLKOFF
                0x0000000040003608                HI_SEL
                0x0000000040002040                ICONCKM
                0x0000000040000a64                KBUFFER_SAVE
                0x0000000040003728                GEMRXPOINT_RESET
                0x0000000040002ef4                GET_DISP_POSITION
                0x00000000400058ac                WEARCHAPP
                0x00000000400049b0                LCDBLKON
                0x0000000040007944                XXX_YYY_ZZZ
                0x00000000400017b8                CHAR_DISPLAYC
                0x0000000040003694                RESET_UART
                0x0000000040006460                GET_APPLICATION_NAME
 .lib.prog      0x0000000040007e5c     0xdfe8 ../../sdk/Bitel_Bitel.a(btutils.o)
                0x00000000400152f4                GET_1M_TIMER
                0x00000000400097cc                GRADATALOAD240OFFSET
                0x000000004000f6f8                CARD_DISABLE
                0x000000004001590c                LCDCONT_SEXIST
                0x0000000040015418                CL_RESET
                0x00000000400139c0                SENSOR_CAUSE1
                0x00000000400091b8                icorpld
                0x0000000040011334                RTC_CLK_WRITE
                0x0000000040009388                MMAKEDLD
                0x00000000400131fc                READ_POWER_SAVING_STATUS
                0x0000000040013af8                CHK_VERNUM
                0x0000000040015118                TASK_STOP
                0x00000000400089f8                LCDON
                0x00000000400158bc                CHECK_CL_INT
                0x0000000040012c24                NMI_VSR
                0x0000000040009220                PAGELD
                0x0000000040012f28                SENSOR_SET_CONFIG
                0x0000000040012398                SELECT_APPLICATION
                0x0000000040009a40                GRAPOSITION240
                0x000000004000ef10                INIT_CR
                0x00000000400091e4                CORPLD
                0x0000000040012ad8                GET_TRUE_RANDOM_NUMBER
                0x00000000400115f8                FLASH_RAM_PROGRAM
                0x0000000040015aec                UART23_POWERON
                0x000000004001314c                SET_TX_TIME_INTERVAL
                0x0000000040013c78                GET_FONTDATA
                0x00000000400090dc                COLUMND
                0x00000000400126c0                FLASH_SECTOR_ERASE
                0x0000000040013950                SENSOR_CAUSE
                0x0000000040015560                ReadRawRC
                0x0000000040014e24                POWER_KEY_INHIBIT
                0x000000004001564c                SET_SPI_CONFIG
                0x000000004000f9d4                LCD_RESET
                0x0000000040012a88                BACK_OFF
                0x0000000040008aa0                LCDEXTRA_AREA
                0x000000004000fb08                KEYS_TYPE
                0x0000000040012430                SAVE_BOOT_APPLICATION
                0x0000000040009528                GRADATA_LOAD
                0x0000000040008bec                RS232_SETUP
                0x0000000040011b00                FLASH_RAM_PROGRAM32
                0x0000000040008310                INITLCD
                0x000000004001598c                LED_DISPLAY
                0x000000004001573c                CL_CARD_ENABLE
                0x0000000040008dc0                PAPER_READ
                0x000000004001529c                SET_TASK_STACK_SIZE
                0x0000000040012e4c                FOR_PROMPT
                0x0000000040015d40                SLE_POWERUP
                0x0000000040015d08                UART3_RESETOUT
                0x000000004001547c                WriteRawRC
                0x0000000040009358                MAKEDLD
                0x000000004000fae4                ENTER_RESET
                0x0000000040013bac                GET_HWDATA
                0x0000000040015890                SET_CONTACTLESS_INTERFACE
                0x000000004000ea5c                KEYDECODER
                0x0000000040013540                POWER_ICON_DISPLAY
                0x0000000040012018                WRITE_APP_PROGRAM
                0x0000000040015360                SET_MULTITASKING_USAGE
                0x0000000040015308                SET_TASK_PRIORITY_MODE
                0x0000000040008da0                RS232_DATA_READ
                0x0000000040009654                GRA64LD
                0x0000000040008c28                RS232_ENABLE
                0x0000000040009320                MAKEDI0
                0x00000000400142a0                VARINIT
                0x0000000040008c64                RS232_TX_STATUS
                0x00000000400132ac                CONTROL_POWER_SAVING_STATUS
                0x0000000040013a40                SIM_SELECT
                0x00000000400145d0                UART1_POWERDOWN
                0x00000000400146d4                FOMA_ONOFF
                0x0000000040012dd0                DLY10MS
                0x00000000400157fc                CL_CARD_DISABLE
                0x0000000040014558                RS232_POWERON
                0x000000004000f838                MODEM_RESET
                0x00000000400128a4                BEEP_TONE
                0x000000004000e9b8                GET_KEYDATA
                0x000000004000f95c                WIFI_POWER_OFF
                0x000000004000fa5c                SCC_RESET
                0x000000004001519c                SET_TASK_CHANGE_TIME
                0x0000000040009810                GRADATALOAD240
                0x0000000040014610                MEMSIM
                0x0000000040014ea8                TASK_START
                0x0000000040014da8                POWER_OFF
                0x0000000040013cc8                PRINTER_OFF
                0x0000000040008a2c                LCDOFF
                0x000000004000f8d0                WIFI_POWER_ON
                0x0000000040012a0c                BACK_ON
                0x00000000400127dc                USIP_REG_READ
                0x0000000040013e10                SYSINIT
                0x0000000040015b78                UART2_RESETOUT
                0x0000000040009b48                FNTLD
                0x000000004000933c                MAKEDI1
                0x0000000040010fa8                RTC_CLK_READ
                0x00000000400124b8                FLASH_WRITE
                0x000000004000f5c4                CARD_ENABLE
                0x000000004000809c                INIT_SYSTEM
                0x0000000040012ac8                BACK_ONOFF
                0x000000004000fb60                CARD_READ
                0x000000004000f794                TRACK_SETUP
                0x0000000040014594                UART1_POWERON
                0x000000004001493c                ENTER_STANDBY
                0x0000000040013088                DELAY_US
                0x0000000040012ba0                ENTER_AFTER_KEYLOAD
                0x0000000040008d80                RS232_RX_COUNT_DEC
                0x0000000040012840                USIP_REG_WRITE
                0x00000000400120e8                FIND_APPLICATION
                0x0000000040007e5c                utils_function
                0x0000000040008f58                LCD_CONT
 .lib.prog      0x0000000040015e44     0x29fc ../../sdk/Bitel_Bitel.a(prtutil.o)
                0x0000000040015ee4                ENABLE_PRINTER_PROTECTION
                0x0000000040015e70                SET_FORMFEED
                0x0000000040015e54                SEEK_NO_PAPER
                0x0000000040016950                GET_CHAR_ADDRESS
                0x0000000040016a1c                PcopyToDotNormalE
                0x00000000400164fc                PRINTER_WORKING
                0x0000000040016784                HEAD_SEEK
                0x0000000040015ef4                DISABLE_PRINTER_PROTECTION
                0x00000000400160d4                PRINTING_SUB
                0x0000000040015fb8                SET_PRINTING_PREFERENCE
                0x0000000040017a04                LINE_PRINT
                0x0000000040015f08                PRINT_FROM_FIRST
                0x00000000400161ac                PRINTING_SVC
                0x00000000400167fc                NOPRT_CHK
                0x0000000040015ea4                SET_LINESPACE
                0x0000000040015e44                BLINKING_OFF
                0x00000000400169a8                GET_PRT_CHINA
                0x0000000040016060                EBUFFER_SAVE
                0x00000000400163f0                UNDER_PAGE_CHECK
                0x000000004001746c                PcopyToDotDoubleH
                0x0000000040016bf8                PcopyToDotDoubleE
                0x00000000400167b0                PAPER_SEEK
                0x0000000040016044                AFTERERROR
                0x0000000040015ff4                ASSIGN_GRAPHICS
                0x00000000400167dc                USE_DWFONT
                0x0000000040015e4c                SET_PAPER_FEED
                0x0000000040017154                PcopyToDotNormalH
                0x0000000040015ecc                SET_PRINT_MODE
 *(.lib.text)
 .lib.text      0x0000000040018840      0x79c ../../sdk/Bitel_Bitel.a(asmutil.o)
                0x0000000040018e84                REF_STRING
                0x0000000040018a18                CODEZ8
                0x0000000040018c44                NDISPPT
                0x0000000040018da4                INFO_DISPMSG
                0x0000000040018ab4                ASCIIT2
                0x0000000040018e2c                NMI_DISPMSG
                0x0000000040018e88                REF_STRS
                0x0000000040018ae4                EXIST_STRING
                0x0000000040018a14                CODEZ2
                0x0000000040018adc                APP_STRING
                0x0000000040018e70                BITEL_VERMSG
                0x0000000040018c68                NDISPPT240
                0x0000000040018d44                POWER240_ICON
                0x0000000040018a38                CODE72
                0x00000000400188a8                LINEOFT
                0x0000000040018994                TONE_TIME
                0x0000000040018a48                RAMENDADDR
                0x0000000040018a28                CODE62
                0x0000000040018af4                FLYTEXT
                0x00000000400189d4                TONE_DATA
                0x0000000040018a84                NUMBERT
                0x0000000040018c84                BATTERY240_ICON
                0x0000000040018a30                CODE11
                0x0000000040018a90                ASCIIT
                0x0000000040018bb4                ICONCLKD
                0x0000000040018ae0                BOOT_STRING
                0x0000000040018a80                RAMKEEPDATA
                0x0000000040018840                MEMSZIELIMIT_TABLE
                0x0000000040018c7c                NDISPPG240
                0x0000000040018858                ODDTBL
                0x0000000040018c34                BCD2ASC_TABLE
                0x0000000040018868                T1ODDTBL
                0x0000000040018fd0                STR_BTPRODID
                0x0000000040018b14                ICONDATA
                0x0000000040018a20                CODEZ62
                0x00000000400188cc                TONE_FREQ
                0x0000000040018a1c                CODE08
                0x00000000400188c8                RTCAMPM
                0x0000000040018a68                ROMMAXSIZE
                0x0000000040018a40                CODEZ1
                0x0000000040018a58                RAMSPADDR
                0x00000000400188b8                RTCWTBL
                0x0000000040018bac                ICONCLKP
                0x00000000400188ac                BATTERYLEVEL
                0x00000000400188b0                CLKVTBL
                0x0000000040018ad8                ONFLY_STRING
 .lib.text      0x0000000040018fdc      0x618 ../../sdk/Bitel_Bitel.a(prtutil.o)
                0x0000000040019270                TEMP_TBL
                0x00000000400190f8                INTTIMES_TBL
                0x00000000400195d8                LFSTEP
                0x0000000040019540                GRASTB_TBL
                0x0000000040019594                PRTPREF_TBL
                0x0000000040019300                STBCNT_TBL
                0x000000004001958c                STBSIG4_TBLN
                0x0000000040019580                STBSIG1_TBLN
                0x00000000400195e0                CHAR_TABLE
                0x00000000400190dc                INTTIME_TBL
                0x0000000040019400                GRADENS_TBL
                0x00000000400195b4                GRASPOS_TBL
                0x00000000400191a8                INTTIMEL_TBL
                0x0000000040018fdc                DOT2BIT
                0x0000000040019500                GRAOFFS_TBL
                0x0000000040019258                INTTIME_ACC
                0x0000000040019588                STBSIG3_TBLN
                0x0000000040019584                STBSIG2_TBLN
 .lib.text      0x00000000400195f4     0x3000 ../../sdk/Bitel_Bitel.a(prtfont.o)
                0x00000000400195f4                PRTFENG
 hal*(.text .rodata*)
 .text          0x000000004001c5f4     0x1264 ../../sdk/Bitel_Bitel.a(hal_apm.o)
                0x000000004001cb44                hal_apm_set_cpu_mode_idle
                0x000000004001c7a4                hal_apm_get_clock_frequency
                0x000000004001d4f0                hal_apm_isr
                0x000000004001d1cc                hal_apm_ioctl
                0x000000004001c5f4                hal_apm_init
                0x000000004001cfc0                hal_apm_set_device_mode
                0x000000004001ca9c                hal_apm_set_cpu_mode_normal
                0x000000004001c854                hal_apm_set_cpu_mode_ultra_low_power
                0x000000004001cd88                hal_apm_reset_device
                0x000000004001cc4c                hal_apm_get_cpu_mode
                0x000000004001c6a0                hal_apm_shutdown
                0x000000004001d0e8                hal_apm_get_device_mode
                0x000000004001d2e0                hal_apm_attach
                0x000000004001d3fc                hal_apm_detach
                0x000000004001c6b4                hal_apm_set_clock_frequency
                0x000000004001d600                hal_apm_ack_cpu_mode_ultra_low_power
 .rodata        0x000000004001d858       0x14 ../../sdk/Bitel_Bitel.a(hal_apm.o)
 .text          0x000000004001d86c      0x2a0 ../../sdk/Bitel_Bitel.a(hal_apm_clock.o)
                0x000000004001d8f0                hal_apm_soft_change_clock_frequency
                0x000000004001d86c                hal_apm_change_clock_frequency
 .text          0x000000004001db0c      0xdf0 ../../sdk/Bitel_Bitel.a(hal_flash.o)
                0x000000004001de20                hal_flash_shutdown
                0x000000004001e1d0                hal_flash_write
                0x000000004001df28                hal_flash_erase
                0x000000004001de3c                hal_flash_get_info
                0x000000004001dd00                hal_flash_init
                0x000000004001e260                hal_flash_unprotect
 .rodata        0x000000004001e8fc      0x140 ../../sdk/Bitel_Bitel.a(hal_flash.o)
 .text          0x000000004001ea3c      0x314 ../../sdk/Bitel_Bitel.a(hal_intr.o)
                0x000000004001ebb0                hal_interrupt_get_isr
                0x000000004001ea3c                hal_interrupt_set_config
                0x000000004001eaf0                hal_interrupt_decode
                0x000000004001ecd0                hal_interrupt_detach
                0x000000004001ec2c                hal_interrupt_attach
 .rodata        0x000000004001ed50       0x5c ../../sdk/Bitel_Bitel.a(hal_intr.o)
 .text          0x000000004001edac       0x44 ../../sdk/Bitel_Bitel.a(hal_intr_mask.o)
                0x000000004001edac                hal_interrupt_mask
                0x000000004001edd0                hal_interrupt_unmask
 .text          0x000000004001edf0      0x268 ../../sdk/Bitel_Bitel.a(hal_libc.o)
                0x000000004001efd0                hal_memcpy
                0x000000004001edf0                hal_memcmp
                0x000000004001ef5c                hal_memset
 .text          0x000000004001f058      0x134 ../../sdk/Bitel_Bitel.a(hal_scs_attach.o)
                0x000000004001f058                hal_scs_attach
 .text          0x000000004001f18c      0x164 ../../sdk/Bitel_Bitel.a(hal_scs_cancel.o)
                0x000000004001f18c                hal_scs_cancel
 .text          0x000000004001f2f0      0xa54 ../../sdk/Bitel_Bitel.a(hal_scs_dev.o)
                0x000000004001f5c4                hal_scs_dev_cancel_transfer
                0x000000004001f538                hal_scs_dev_receive_data
                0x000000004001f8ec                hal_scs_dev_set_conv
                0x000000004001f2f0                hal_scs_dev_send_data
                0x000000004001f33c                hal_scs_dev_send_data_T1
                0x000000004001f578                hal_scs_dev_receive_data_T1
                0x000000004001fad8                SCIB_SET_BIT
                0x000000004001f860                hal_scs_dev_gt_load
                0x000000004001f964                hal_scs_dev_read_reg
                0x000000004001fc08                SCIB_CLR_BIT
                0x000000004001f774                hal_scs_dev_wt_load
                0x000000004001fa24                hal_scs_dev_write_reg
                0x000000004001f6e8                hal_scs_dev_etu_load
 .text          0x000000004001fd44       0xdc ../../sdk/Bitel_Bitel.a(hal_scs_get_last_error.o)
                0x000000004001fd44                hal_scs_get_last_error
 .text          0x000000004001fe20      0x108 ../../sdk/Bitel_Bitel.a(hal_scs_get_slot_info.o)
                0x000000004001fe20                hal_scs_get_slot_info
 .text          0x000000004001ff28      0x308 ../../sdk/Bitel_Bitel.a(hal_scs_get_status.o)
                0x000000004001ff28                hal_scs_get_status
 .text          0x0000000040020230      0x560 ../../sdk/Bitel_Bitel.a(hal_scs_init.o)
                0x0000000040020230                hal_scs_init
 .text          0x0000000040020790      0x6d8 ../../sdk/Bitel_Bitel.a(hal_scs_ioctl.o)
                0x0000000040020790                hal_scs_ioctl
 .rodata        0x0000000040020e68       0x68 ../../sdk/Bitel_Bitel.a(hal_scs_ioctl.o)
 .text          0x0000000040020ed0      0x88c ../../sdk/Bitel_Bitel.a(hal_scs_isr.o)
                0x0000000040021568                hal_scs_isr2
                0x0000000040021374                hal_scs_isr1
                0x0000000040020ed0                hal_scs_isr
                0x0000000040021178                hal_scs_isr0
 .text          0x000000004002175c      0x1e0 ../../sdk/Bitel_Bitel.a(hal_scs_power_down.o)
                0x000000004002175c                hal_scs_power_down
 .text          0x000000004002193c      0x71c ../../sdk/Bitel_Bitel.a(hal_scs_power_up.o)
                0x000000004002193c                hal_scs_power_up
 .text          0x0000000040022058      0x468 ../../sdk/Bitel_Bitel.a(hal_scs_pps_exchange.o)
                0x0000000040022058                hal_scs_pps_exchange
 .text          0x00000000400224c0      0x21c ../../sdk/Bitel_Bitel.a(hal_scs_set_config.o)
                0x00000000400224c0                hal_scs_set_config
 .text          0x00000000400226dc      0x1d4 ../../sdk/Bitel_Bitel.a(hal_scs_set_slot_info.o)
                0x00000000400226dc                hal_scs_set_slot_info
 .text          0x00000000400228b0      0x594 ../../sdk/Bitel_Bitel.a(hal_scs_t1_block.o)
                0x00000000400228b0                hal_scs_t1_block
 .text          0x0000000040022e44      0xa70 ../../sdk/Bitel_Bitel.a(hal_scs_vsr_power_up.o)
                0x00000000400236bc                hal_scs_atr_get_TCK
                0x000000004002380c                hal_scs_atr_get_interface_byte_num
                0x000000004002378c                hal_scs_atr_check_TDx
                0x0000000040022e44                hal_scs_vsr_power_up
 .rodata        0x00000000400238b4       0x18 ../../sdk/Bitel_Bitel.a(hal_scs_vsr_power_up.o)
 .text          0x00000000400238cc      0x550 ../../sdk/Bitel_Bitel.a(hal_scs_vsr_pps_exchange.o)
                0x00000000400238cc                hal_scs_vsr_pps_exchange
 .rodata        0x0000000040023e1c       0x14 ../../sdk/Bitel_Bitel.a(hal_scs_vsr_pps_exchange.o)
 .text          0x0000000040023e30      0x5f8 ../../sdk/Bitel_Bitel.a(hal_scs_vsr_t1_block.o)
                0x0000000040023e30                hal_scs_vsr_t1_block
 .rodata        0x0000000040024428       0x14 ../../sdk/Bitel_Bitel.a(hal_scs_vsr_t1_block.o)
 .text          0x000000004002443c      0x600 ../../sdk/Bitel_Bitel.a(hal_sys_alloc.o)
                0x000000004002459c                hal_sys_pool_config
                0x000000004002461c                hal_sys_alloc
                0x0000000040024588                hal_sys_pool_shutdown
                0x0000000040024798                hal_sys_free
                0x000000004002443c                hal_sys_pool_init
 .text          0x0000000040024a3c     0x19d0 ../../sdk/Bitel_Bitel.a(hal_timer.o)
                0x0000000040024a3c                hal_timer_init
                0x0000000040025864                hal_timer_ioctl
                0x0000000040024b30                hal_timer_shutdown
                0x0000000040026214                hal_timer_detach
                0x0000000040026338                hal_timer_isr
                0x0000000040025430                hal_timer_get_status
                0x00000000400260ac                hal_timer_attach
                0x00000000400256e8                hal_timer_read
                0x0000000040025564                hal_timer_run
                0x0000000040025624                hal_timer_stop
                0x0000000040024e44                hal_timer_set_config
 .text          0x000000004002640c     0x1630 ../../sdk/Bitel_Bitel.a(hal_i2c.o)
                0x0000000040027624                hal_i2c_write
                0x000000004002640c                hal_i2c_init
                0x00000000400265c4                hal_i2c_set_config
                0x0000000040026e7c                hal_i2c_detach
                0x00000000400279a8                hal_i2c_stop_read
                0x0000000040027714                hal_i2c_start_read
                0x0000000040027880                hal_i2c_read
                0x00000000400273f8                hal_i2c_start_write
                0x0000000040026960                hal_i2c_ioctl
                0x0000000040026c90                hal_i2c_attach
                0x0000000040027128                hal_i2c_isr
                0x0000000040027328                hal_i2c_get_status
                0x0000000040026564                hal_i2c_shutdown
 .rodata        0x0000000040027a3c       0x38 ../../sdk/Bitel_Bitel.a(hal_i2c.o)
 .text          0x0000000040027a74      0x1cc ../../sdk/Bitel_Bitel.a(hal_scs_analog.o)
                0x0000000040027a74                hal_scs_analog_check
                0x0000000040027b94                hal_scs_analog_check_voltage
                0x0000000040027ae8                hal_scs_analog_card_presence
 .text          0x0000000040027c40      0x1ac ../../sdk/Bitel_Bitel.a(hal_scs_clock.o)
                0x0000000040027c40                hal_scs_set_clock
 .text          0x0000000040027dec      0x58c ../../sdk/Bitel_Bitel.a(hal_scs_counter.o)
                0x0000000040028018                hal_scs_counter_halt
                0x0000000040027fcc                hal_scs_counter_start_bgt
                0x0000000040027f04                hal_scs_counter_start
                0x00000000400281ac                hal_scs_calculate_wt
                0x000000004002807c                hal_scs_counter_set_gt
                0x0000000040027dec                hal_scs_counter_etu_set
                0x0000000040028130                hal_scs_counter_get_bgt
 .rodata        0x0000000040028378       0x44 ../../sdk/Bitel_Bitel.a(hal_scs_counter.o)
                0x0000000040028378                hal_scs_ftab
                0x0000000040028398                hal_scs_dtab
 .text          0x00000000400283bc      0x234 ../../sdk/Bitel_Bitel.a(hal_scs_handler.o)
                0x0000000040028500                hal_scs_handler_empty
                0x0000000040028488                hal_scs_handler_tx
                0x00000000400283bc                hal_scs_handler_parity
 .text          0x00000000400285f0      0x4cc ../../sdk/Bitel_Bitel.a(hal_scs_t0_in.o)
                0x00000000400285f0                hal_scs_t0_in
 .text          0x0000000040028abc      0x4ac ../../sdk/Bitel_Bitel.a(hal_scs_t0_out.o)
                0x0000000040028abc                hal_scs_t0_out
 .text          0x0000000040028f68      0x584 ../../sdk/Bitel_Bitel.a(hal_scs_vsr_t0_in.o)
                0x0000000040028f68                hal_scs_vsr_t0_in
 .rodata        0x00000000400294ec       0x14 ../../sdk/Bitel_Bitel.a(hal_scs_vsr_t0_in.o)
 .text          0x0000000040029500      0x4ac ../../sdk/Bitel_Bitel.a(hal_scs_vsr_t0_out.o)
                0x0000000040029500                hal_scs_vsr_t0_out
 .rodata        0x00000000400299ac       0x28 ../../sdk/Bitel_Bitel.a(hal_scs_vsr_t0_out.o)
 emv*(.text .rodata*)
 .text          0x00000000400299d4     0x3130 ../../sdk/Bitel_Bitel.a(emv_APDU.o)
                0x000000004002c348                fnAsc2Bcd
                0x000000004002a2b4                gsc_ISOwrite
                0x000000004002c820                pfnHex2Asc
                0x000000004002c118                debug_DOL
                0x000000004002a464                gsc_ISOread
                0x000000004002b828                getTagInfo
                0x000000004002a7c8                ApduC4
                0x0000000040029fa8                gsc_SetCardTYPEandSLOT
                0x0000000040029b00                gsc_Power
                0x000000004002ca88                pfnRTC2YMDHMS
                0x000000004002b7c8                getSysDOLsize
                0x00000000400299d4                gsc_FWversion
                0x000000004002c4e4                fnD642Bcd
                0x000000004002c2b8                debugCDOL
                0x000000004002c684                fnBcd2D64
                0x000000004002bb6c                getDnL
                0x000000004002bd18                debug_FCI
                0x000000004002ade0                ApduResponseCheck
                0x0000000040029de8                gsc_Status
                0x000000004002b5a8                getEMVgbPinBlock
                0x000000004002a5c0                Apdu
                0x000000004002c948                pfnAsc2Hex
                0x0000000040029ee0                gsc_ChangeParameters
                0x000000004002b0cc                pgbAppBufUpdate
                0x000000004002b01c                pgbAppBufAdjust
                0x000000004002ab60                ApduC2
                0x000000004002b938                getTnL
 *fill*         0x000000004002cb04        0x4 00
 .rodata        0x000000004002cb08      0x508 ../../sdk/Bitel_Bitel.a(emv_APDU.o)
                0x000000004002cb70                gcTagName
                0x000000004002cb08                fileNameCAPK
 .text          0x000000004002d010      0x2a8 ../../sdk/Bitel_Bitel.a(emv_init.o)
                0x000000004002d010                emv_init
 .text          0x000000004002d2b8     0x13bc ../../sdk/Bitel_Bitel.a(emv_power_up.o)
                0x000000004002e590                emv_power_up_ifsd_handle
                0x000000004002e23c                emv_power_up_pps_handle
                0x000000004002d654                emv_power_up_handler
                0x000000004002d2b8                emv_power_up
                0x000000004002e028                emv_pps_check
                0x000000004002df10                emv_pps_send
 .text          0x000000004002e674      0x10c ../../sdk/Bitel_Bitel.a(emv_set_slot_info.o)
                0x000000004002e674                emv_set_slot_info
 .text          0x000000004002e780     0x15c0 ../../sdk/Bitel_Bitel.a(emv_t1.o)
                0x000000004002e9dc                emv_t1_check_block
                0x000000004002e808                emv_t1_block
                0x000000004002f048                emv_t1_handler
                0x000000004002ee10                emv_t1_transmit
 .text          0x000000004002fd40      0x3dc ../../sdk/Bitel_Bitel.a(emv_timer.o)
                0x000000004002fe24                emv_timer_init
                0x00000000400300d0                emv_timer_halt
                0x000000004002ffec                emv_timer_run
                0x000000004002fd40                emv_timer_handler
 .rodata        0x000000004003011c       0x20 ../../sdk/Bitel_Bitel.a(emv_timer.o)
                0x000000004003011c                emv_timer_clocks
 .text          0x000000004003013c      0x25c ../../sdk/Bitel_Bitel.a(emv_transmit.o)
                0x000000004003013c                emv_transmit
 .text          0x0000000040030398      0xbc0 ../../sdk/Bitel_Bitel.a(emv_atr.o)
                0x0000000040030cec                emv_calculate_timing
                0x0000000040030398                emv_atr_parse
                0x0000000040030ea0                emv_set_FD_values
 .rodata        0x0000000040030f58       0x54 ../../sdk/Bitel_Bitel.a(emv_atr.o)
 .text          0x0000000040030fac      0x98c ../../sdk/Bitel_Bitel.a(emv_t0.o)
                0x0000000040031260                emv_t0_handler
                0x0000000040030fac                emv_t0_transmit
 .rodata        0x0000000040031938       0x24 ../../sdk/Bitel_Bitel.a(emv_t0.o)
 at83*(.text .rodata*)
 .text          0x000000004003195c     0x1220 ../../sdk/Bitel_Bitel.a(at83c26_api.o)
                0x00000000400319f4                c26_general_init
                0x00000000400322f0                c26_start_cvcc2
                0x000000004003298c                c26_SC1_auto_deactivate
                0x000000004003195c                delay_us_atmel
                0x00000000400327e0                c26_start_cvcc5
                0x0000000040031ca8                c26_start_cvcc1
                0x0000000040031a34                c26_config1_init
                0x00000000400324a4                c26_start_cvcc3
                0x0000000040032b40                c26_SC3_auto_deactivate
                0x0000000040031e10                c26_dcdca_start
                0x0000000040032b68                c26_SC5_auto_deactivate
                0x0000000040032650                c26_start_cvcc4
                0x0000000040032b54                c26_SC4_auto_deactivate
                0x0000000040031efc                c26_dcdcb_start
                0x0000000040032b2c                c26_SC2_auto_deactivate
 .text          0x0000000040032b7c      0x2ec ../../sdk/Bitel_Bitel.a(at83c26_lib.o)
                0x0000000040032b7c                twi_send_message_polling
                0x0000000040032d10                c26_read_command
                0x0000000040032dec                c26_write_command
 sc_at83*(.text .rodata*)
 .text          0x0000000040032e68     0x13d4 ../../sdk/Bitel_Bitel.a(sc_at83c26.o)
                0x0000000040033390                at83c26_set_line_rst
                0x0000000040033afc                at83c26_ioctl
                0x0000000040033ae4                at83c26_attach
                0x00000000400335fc                at83c26_set_power_up
                0x0000000040033e80                at83c26_get_status
                0x0000000040034190                at83c26_check_selected
                0x0000000040032f30                at83c26_select
                0x0000000040032e68                valid_itf_atmel
                0x0000000040033940                at83c26_init
 .rodata        0x000000004003423c      0x124 ../../sdk/Bitel_Bitel.a(sc_at83c26.o)
                0x000000004003423c                at83c26_io
 *(.reftable)
 .reftable      0x0000000040034360       0x54 ././reftable.o
                0x0000000040034360                REFTABLE
 *(.text)
 .text          0x00000000400343b4     0x4c68 ././tmsdown.o
                0x00000000400383f8                CheckAutoTMSDownloadStart
                0x0000000040036a38                SetTMSVariables
                0x0000000040037fb0                UpgradePOSParameter
                0x0000000040036c00                SaveTMSDownloadInfo
                0x0000000040036bc0                InitializeTMSDownloadInfo
                0x0000000040036efc                EraseAllDataTMSDownloadInfo
                0x0000000040036f5c                LoadTMSDownloadSectorNo
                0x0000000040038108                BackupOrRestoreAppDownloadData
                0x000000004003747c                CheckTMSUpgrade
                0x0000000040037e60                EraseAppDataTMSDownloadInfo
                0x0000000040036abc                LoadTMSDownloadInfo
                0x0000000040037fc4                WriteApplicationOrParameter1Sector
                0x000000004003699c                ClearTMSDownloadBufAndRxBuf
                0x0000000040036ce0                SetInitialValueToTMSDownloadInfo
                0x00000000400343b4                TMSDownloadTask
                0x0000000040038818                GetAutoTMSDownloadingDate
                0x0000000040038360                GetZippedAppFlashSectorTopAddr
                0x0000000040037720                UpgradeApplication
                0x0000000040038b68                Output_TMSDownloadInfo
 .text          0x000000004003901c      0xa78 ././timeconv.o
                0x0000000040039230                time_to_tm
 .text          0x0000000040039a94     0x3018 ././scard.o
                0x000000004003b7f4                CompletionSub
                0x000000004003a2c0                appEmvTask
                0x000000004003ca74                TL_SetSlotNo
                0x000000004003c4dc                isoCardNo22Track2Data
                0x0000000040039bf8                WaitTxDone
                0x0000000040039cb0                app_UPDATEgsXRec_ICCbL3
                0x0000000040039c94                DebugBUF
                0x000000004003b384                app_InitReferralCall
                0x000000004003b140                isoStrPANnExpDate
                0x000000004003c358                EMVDISP
                0x000000004003b9bc                app_ApplicationSelection
                0x0000000040039d28                STRDISP
                0x0000000040039a94                deltaMS
                0x000000004003c7f8                isoTrack2Data2CardNo2
                0x0000000040039d34                gsc_IFMinit
                0x000000004003ca3c                Wait1MS
                0x0000000040039ca4                setDEBUG_COMport
                0x0000000040039b78                RdCom
                0x000000004003b120                app_getPANamounts
                0x000000004003ae78                app_SeletedAppTrmParameter
                0x0000000040039f10                gsc_cmmdOUTPUTngetRESPONSE
                0x0000000040039fd8                BuildIccData
                0x0000000040039bb0                WrCom
                0x000000004003a164                CheckSmartCardSlot
                0x000000004003b514                OnLineProcessSub
                0x000000004003ca94                TL_GetSlotNo
                0x0000000040039cbc                Lprintf
                0x000000004003bf0c                InitEmvLib
 .text          0x000000004003caac     0x1914 ././main.o
                0x000000004003caac                main
                0x000000004003d5c8                Output_SystemInfomation
 .text          0x000000004003e3c0     0x1728 ././rtc.o
                0x000000004003e3c0                RTCTask
                0x000000004003f918                GetULDateTime
                0x000000004003f100                DisplayYYYYMMDD
                0x000000004003f2c8                InitializeRTCDateTime
                0x000000004003f79c                mktime
                0x000000004003eeb8                LCDBacklightOnOffControl
                0x000000004003f20c                Displayhhmmss
                0x000000004003efbc                DisplayDateTime
                0x000000004003f330                SetRTCDateTimeWhenPowerIsTurnedOn
 .text          0x000000004003fae8     0x1c6c ././apppos.o
                0x0000000040040ee4                SavePrintTransactionLog
                0x000000004003fae8                DebugOutputTrxnLogData
                0x00000000400403b8                LoadPOSUtilBuf
                0x000000004004123c                PrintReversalReceipt
                0x000000004004103c                SaveReprintingCount
                0x0000000040040440                SavePOSUtilBuf
                0x0000000040040720                SaveTxTransactionLog
                0x0000000040041048                SaveReversalTransactionLog
                0x0000000040041150                GotoReversalMode
                0x00000000400414a4                PerformReversalTransaction
                0x0000000040040cb4                SaveRxTransactionLog
                0x0000000040041398                PrintUnsuccessfulReversalReceipt
                0x00000000400404a4                GetTransactionType
                0x000000004003fd50                DebugOutputTrxnLog
                0x000000004003fd60                GetNextTrxnParameter
 .text          0x0000000040041754      0x5d8 ././rs232.o
                0x0000000040041754                RS232Task
                0x0000000040041cd8                RS232Close
                0x0000000040041c50                RS232Open
 .text          0x0000000040041d2c     0x9fe4 ././printer.o
                0x0000000040049ebc                PrintMerchantAddress
                0x00000000400430cc                DetectPaper
                0x000000004004a44c                PrintMerchantID
                0x000000004004b53c                PrintBalance
                0x000000004004b320                PrintAmount
                0x000000004004baf8                PrintAllEquals
                0x0000000040048f98                BuildReprintBillPaymentWithExternalPrinter
                0x0000000040049e10                PrintMerchantName
                0x000000004004a0b0                PrintDateAndTime
                0x0000000040049d68                PrintStoreName
                0x0000000040043810                BuildPrintPOSInfoReport
                0x000000004004a5e0                PrintTerminalID
                0x000000004004b794                PrintTotal
                0x000000004004bb98                OutputReceiptData
                0x000000004004b9b8                PrintAllStars
                0x000000004004ba58                PrintAllDashes
                0x0000000040041d2c                PrintTask
                0x000000004004acdc                PrintReferenceNo
                0x0000000040049a88                PrintCardSystem
                0x000000004004311c                InitializePrinterParameter
                0x000000004004b758                PrintStoreAdvertisement
                0x0000000040049cc8                PrintPoweredbyPayMaster
                0x000000004004b1e0                PrintTraceNo
                0x0000000040046b50                BuildPrintBalanceReceipt
                0x00000000400479d4                BuildPrintUnsuccessfulReversalReceipt
                0x000000004004a378                PrintBuyTrxnName
                0x00000000400472b0                BuildPrintReversalReceipt
                0x000000004004a018                PrintULDateAndTime
                0x000000004004b0a0                PrintSeqNo
                0x0000000040049c00                PrintApplicationVersion
                0x000000004004af60                PrintBatchNo
                0x000000004004ae1c                PrintCustomerID
                0x0000000040045e50                BuildPrintEndOfDayReceipt
                0x000000004004a8e0                PrintPAN
                0x000000004004aae8                PrintApprovalNo
                0x000000004004538c                BuildPrintTrxnReceipt
                0x0000000040049f64                PrintMultiMerchantStoreName
                0x000000004004806c                BuildPrintTrxnsReport
                0x000000004004a718                PrintPOSSerialNo
                0x000000004004327c                BuildPrintLine
                0x0000000040049b54                PrintPaymasterLogo
                0x0000000040048b8c                BuildReprintBuyWithExternalPrinter
                0x00000000400431f0                PrintSetFF
 .text          0x000000004004bd10     0x14d4 ././utils.o
                0x000000004004c264                LCDDisplay4Lines
                0x000000004004c200                SetMenuScrollUpDownInfo
                0x000000004004bd10                MenuScrollUpDown
                0x000000004004d16c                InitializeAlpNoInputParameter
                0x000000004004c450                InputAlpNoString
 .text          0x000000004004d1e4    0x1048c ././key.o
                0x000000004004d56c                BuildTrxnQueryString
                0x000000004005b9fc                MainStatusSetting
                0x000000004005cb68                ResetHelpDeskTelNo
                0x000000004004ee74                BuildQueryString
                0x000000004005bc48                DisplayTrxnTelNo
                0x000000004005c29c                DisplayBlackListTelNo
                0x000000004004f4ac                InputKeyService
                0x000000004005b6dc                InitializeGlobalVariables
                0x000000004005b9a4                ClearTempKeyBufAndStringCopy
                0x000000004005bec0                ResetTrxnTelNo
                0x000000004005babc                ErrorDisplayAndGoInitialStatus
                0x000000004005bb94                ErrorDisplayAndGoErrorStatus
                0x000000004005c5ac                DisplayTMSTelNo
                0x000000004005c824                ResetTMSTelNo
                0x000000004004f0c0                KeyTask
                0x000000004005bf8c                DisplayEODTelNo
                0x000000004004eb40                SetReversalReqData
                0x000000004004df90                BuildEftTotalQueryString
                0x0000000040059da8                CancelKeyService
                0x000000004005cc34                DisplayLCDMsgOrPrinterMsgInDebugMode
                0x000000004005c1d0                ResetEODTelNo
                0x000000004005c8f0                DisplayHelpDeskTelNo
                0x000000004004d1e4                InitTrxnReqData
                0x000000004004f05c                dequeue_key
                0x000000004005c4e0                ResetBlackListTelNo
                0x000000004004e3a8                BuildCallHomeQueryString
                0x0000000040050200                EnterKeyService
                0x000000004005b160                SetInitialStatus
 .text          0x000000004005d670     0x1920 ././modem.o
                0x000000004005de54                ModemClose
                0x000000004005ddd4                ModemOpen
                0x000000004005e158                AbnormalProcessingAfterTx
                0x000000004005d954                DisplayConnectionErrorConditionAndGotoInitialStatus
                0x000000004005df28                CheckDisconnect
                0x000000004005e328                OnlineTrxnResultProcessing
                0x000000004005da48                GetTrxnMenuActiveStatus
                0x000000004005d884                DisplayConnectionErrorCondition
                0x000000004005d6dc                GetConnectionConditions
                0x000000004005d670                ModemTask
                0x000000004005dfdc                AbnormalProcessingBeforeTx
 .text          0x000000004005ef90     0x1364 ././flash.o
                0x000000004005f870                LoadFlashPOSUtilInfo
                0x000000004005f70c                WriteTransactionLog
                0x000000004005f350                ResetPOSSetupInfo
                0x000000004005f764                EraseAllTransactionLog
                0x000000004005f034                SetInitialPOSSetupInfo
                0x000000004005f5c0                GetTcpIPLocalParameterChange
                0x000000004005f300                InitializePOSSetupInfo
                0x0000000040060088                InitFlashParameters
                0x000000004005f474                WritePOSSetupInfo
                0x0000000040060034                PauseUntilEnterkeyPressed
                0x000000004005f414                ResetMerchantPassword
                0x000000004005ef90                LoadPOSSetupInfo
                0x000000004005ff80                WritePOSUtil
 .text          0x00000000400602f4     0x86dc ././htmlutil.o
                0x0000000040063a18                ProcessEndTag
                0x00000000400685d4                GetDecryptedSessionKey
                0x0000000040065bf8                rc4_init
                0x00000000400632c8                AddTLVBuf
                0x0000000040067a0c                SHA256_Update
                0x0000000040067cb0                SHA256_Final
                0x0000000040065824                BuildHtmlRequestMessage
                0x0000000040065e68                SHA256_Transform
                0x0000000040063604                ProcessStartTag
                0x0000000040064ea0                NIBSS_Parsing
                0x00000000400602f4                ProcessTagNValue
                0x0000000040063268                pop
                0x0000000040068238                hexStringToByteArray
                0x0000000040067984                SHA256_Init
                0x00000000400688b0                GetEncryptedTrack2
                0x00000000400653f4                GetHostAndMethod
                0x0000000040065d40                rc4_crypt
                0x0000000040068054                SHA256_End
                0x0000000040068470                GetValueOnly
                0x000000004006818c                SHA256_Data
                0x00000000400630cc                GetTagName
                0x00000000400631f4                push
                0x0000000040065b58                GetApplIdx
                0x00000000400687cc                SHA256_Signature
 .text          0x00000000400689d0     0x2fe4 ././hwtest.o
                0x000000004006ac18                LCDTest
                0x00000000400689d0                MSRTest
                0x000000004006af9c                LCDDotTest
                0x000000004006a428                KeyTest_IC5100P
                0x000000004006b13c                RS232Test
                0x000000004006b02c                LCDContrastTest
                0x00000000400693e4                ICCardTest
                0x000000004006b610                RTCTest
                0x0000000040069af8                KeyTest_IC3100PE
                0x000000004006aecc                LCDBacklightTest
 .text          0x000000004006b9b4     0x41bc ././sfontlib.o
                0x000000004006bd94                InitFontInfo
                0x000000004006f8dc                LcdDrawTextA
                0x000000004006f224                LcdDrawRectA
                0x000000004006ec58                lcd_printf
                0x000000004006ce34                GetBitmap
                0x000000004006bed8                ClrScr
                0x000000004006ed04                lcd_printfA
                0x000000004006bd58                SetDisplayMode
                0x000000004006be50                CloseFontInfo
                0x000000004006bd84                GetDisplayMode
                0x000000004006d6a8                LcdDisplayA
                0x000000004006dcfc                LcdTextOutA
                0x000000004006cda4                LcdDrawBitmapA
                0x000000004006ee00                LcdDrawPixelA
                0x000000004006c0c0                ClrScrA
                0x000000004006bc7c                AttachExtFont
                0x000000004006ef78                LcdDrawLineA
                0x000000004006b9b4                AddFont
                0x000000004006dbb4                GetLcdTextPosA
                0x000000004006dc58                GetLcdTextMetricsA
                0x000000004006f4cc                LcdDrawCircleA
                0x000000004006ef2c                GetLcdPixel
                0x000000004006db18                SetTextPosA
                0x000000004006f638                LcdDrawEllipseA
                0x000000004006d67c                LcdDisplay
                0x000000004006e140                SetLcdULineA
                0x000000004006be58                SelectFont
                0x000000004006dee8                SetLcdInvertA
                0x000000004006ebf8                lcd_putcharA
 .text          0x000000004006fb70     0x9fe4 ././gsm.o
                0x000000004006ff7c                GprsDataModeWrite
                0x00000000400705a0                GprsCheckDisconnect
                0x000000004007023c                GprsDisplaySIMErrorMessage
                0x0000000040074c9c                GprsWavecomDisconnect
                0x000000004006fb70                GprsOpen
                0x0000000040074c20                GprsDisconnect
                0x0000000040075b30                GprsCinterionTask
                0x0000000040075274                GprsCinterionDisconnect
                0x000000004007070c                GprsTask
                0x0000000040075844                GprsModuleInitialize
                0x000000004006fcf8                GprsPowerOn
                0x000000004007077c                GprsWavecomTask
                0x0000000040070498                GprsDisplayAntennaLevelBar
                0x000000004007015c                SendRequestMessage
                0x000000004006fdb8                GprsPowerOff
                0x000000004006fea0                GprsSendCmdSetTime
                0x000000004006fe5c                GprsCmdModeWrite
 .text          0x0000000040079b54      0x8a8 ././msr.o
                0x000000004007a398                MSRRead
                0x000000004007a1f0                ClearAllMSRDataBuf
                0x000000004007a2e8                MSREnable
                0x000000004007a340                MSRDisable
                0x0000000040079b54                MSRTask
 .text          0x000000004007a3fc       0x98 ../../lib/libc.a(memcmp.o)
                0x000000004007a3fc                memcmp
 .text          0x000000004007a494      0x220 ../../lib/libc.a(memcpy.o)
                0x000000004007a494                memcpy
 .text          0x000000004007a6b4       0xa8 ../../lib/libc.a(memset.o)
                0x000000004007a6b4                memset
 .text          0x000000004007a75c      0x18c ../../lib/libc.a(strcmp.o)
                0x000000004007a75c                strcmp
 .text          0x000000004007a8e8      0x1a0 ../../lib/libc.a(strcpy.o)
                0x000000004007a8e8                strcpy
 .text          0x000000004007aa88      0x168 ../../lib/libc.a(strlen.o)
                0x000000004007aa88                strlen
 .text          0x000000004007abf0      0x4b8 ../../lib/libe.a(_muldf3.o)
                0x000000004007abf0                __muldf3
 .text          0x000000004007b0a8      0x510 ../../lib/libe.a(_adddf3.o)
                0x000000004007b0a8                __adddf3
                0x000000004007b5a8                __subdf3
 .text          0x000000004007b5b8       0xe0 ../../lib/libe.a(_fixdfsi.o)
                0x000000004007b5b8                __fixdfsi
 .text          0x000000004007b698       0xb0 ../../lib/libe.a(_floatsidf.o)
                0x000000004007b698                __floatsidf
 .text          0x000000004007b748      0xc94 ../../sdk/Bitel_Bitel.a(BITEL_TL.o)
                0x000000004007b748                TL_SendReceive
                0x000000004007c28c                TL_Open
                0x000000004007c3c8                TL_Close
 .text          0x000000004007c3dc     0x531c ../../sdk/Bitel_Bitel.a(CryptoLib.o)
                0x000000004007f3ec                SaveCryptoMem
                0x000000004007ced0                CheckServerInfo
                0x000000004007c3dc                AES_InitCrc16
                0x000000004007eb6c                CheckKeyBlockCrc
                0x000000004007e4dc                AESKeyInit
                0x000000004007eb08                LoadCryptoTextM
                0x000000004007d660                _rtc_read_reg
                0x000000004007e950                SaveCryptoText
                0x000000004007c500                MakePublicKey1Checksum
                0x000000004007d820                WriteRandom
                0x000000004007d5a4                _rtc_write_reg
                0x000000004007d88c                bitel_crypto_set_key
                0x000000004007e58c                AES_CalculateCrc
                0x000000004007f47c                CryptoKeyLoad
                0x000000004007d79c                ReadRandom
                0x000000004007d470                _GetKeyInfoData
                0x000000004007ea70                LoadCryptoText
                0x000000004007c6bc                MakeTerminalInfo
                0x000000004007c498                AES_Crc16
                0x000000004007ea0c                SaveCryptoTextM
 .text          0x00000000400816f8     0x87d8 ../../sdk/Bitel_Bitel.a(EMV_APP.o)
                0x00000000400855cc                app_TRMprocess
                0x0000000040084e0c                app_CVMprocess
                0x00000000400889dc                app_EncipheredPinVerifyOnLine
                0x0000000040088fe8                app_updateGenACresults
                0x00000000400816f8                app_initTrmTrxnVariables
                0x0000000040083d64                app_ReadApplicationData
                0x0000000040082240                app_BuildCandidateList
                0x000000004008864c                app_EncipheredPinVerifyICC
                0x00000000400827c4                app_ReadRecordPSD
                0x0000000040089b68                app_makeDOLobjects
                0x00000000400864c8                app_Completion
                0x00000000400898c0                app_getTC_HashValue
                0x00000000400881e0                app_CombinedCDAproc
                0x000000004008975c                app_checkSamePrimitiveTag
                0x0000000040089654                app_checkTVRwithIACorTAC
                0x0000000040089434                app_checkGenACresults
                0x0000000040089858                app_checkTrmSupportOnLine
                0x0000000040088ec0                app_PlaintextPinVerifyICC
                0x0000000040087250                app_IssuerScriptProcess
                0x0000000040083784                app_GetProcessingOptions
                0x0000000040088a94                app_getPinTryCounter
                0x0000000040088bd8                app_getDataPinBlock
                0x0000000040086ff4                UpdateTrmISR
                0x0000000040084840                app_OfflineDataAuthentication
                0x00000000400877ec                app_OffLineSDAproc
                0x0000000040088d78                app_checkVERIFYstatus
                0x00000000400862ac                app_CAAprocess
                0x0000000040089ab8                app_searchTAGinDOL
                0x0000000040087c48                app_OffLineDDAproc
                0x00000000400863a8                app_OnLineProcess
                0x0000000040086d3c                app_IssuerAuthentication
                0x00000000400830e0                app_makeApplicationList
                0x0000000040085e20                app_TAAprocess
                0x0000000040084a10                app_ProcessRestrictions
 .text          0x0000000040089ed0     0x23d8 ../../sdk/Bitel_Bitel.a(EMV_CAT.o)
                0x000000004008c094                app_comparePKE
                0x000000004008c140                app_comparePAN
                0x0000000040089ed0                SetTrmARC
                0x0000000040089f58                SetTrmCAPK
                0x000000004008b52c                retrive_ICCpinEncPK
                0x000000004008c248                app_compareCSN
                0x000000004008a2cc                SetTrmRevocList
                0x000000004008a750                retrive_IssuerPK
                0x000000004008a2fc                app_pgsTrmRsaKeyMake
                0x000000004008be08                app_compareYYMMDD
                0x000000004008bf58                app_compareMMYY
                0x000000004008bb68                app_checkYYMMDD
                0x000000004008ad94                retrive_ICCardPK
                0x000000004008a544                retrive_CAPK
                0x000000004008a2e4                SetTrmExcepList
 .text          0x000000004008c2a8     0x35ec ../../sdk/Bitel_Bitel.a(ISO8583.o)
                0x000000004008ec10                asc_to_str
                0x000000004008d350                asc2bcd
                0x000000004008e2e0                xnu_to_xnu
                0x000000004008e790                zL2_to_str
                0x000000004008e588                xnu_to_str
                0x000000004008f1ec                hst_to_bin
                0x000000004008d17c                chr2hex
                0x000000004008e1e8                nL2_to_str
                0x000000004008c424                BitMap_Set
                0x000000004008f5cc                bL3_to_bL3
                0x000000004008ec7c                aL2_to_aL2
                0x000000004008ed50                str_to_aL2
                0x000000004008c3ec                BitMap_Clear
                0x000000004008e9c4                zL3_to_str
                0x000000004008d9b4                LL2int
                0x000000004008de24                num_to_str
                0x000000004008dbf8                num_to_asc
                0x000000004008c2a8                BitMap_Make
                0x000000004008d890                int2LLL
                0x000000004008e358                asc_to_xnu
                0x000000004008f304                bL2_to_bL2
                0x000000004008c50c                BitMap_Reset
                0x000000004008d590                zasc2bcd
                0x000000004008dce4                str_to_num
                0x000000004008e888                str_to_zL3
                0x000000004008d7d0                int2LL
                0x000000004008d6b4                bcd2zasc
                0x000000004008ee24                aL2_to_str
                0x000000004008dfb0                nL3_to_nL3
                0x000000004008f3d8                hst_to_bL2
                0x000000004008eb14                str_to_asc
                0x000000004008e408                xnu_to_asc
                0x000000004008ef08                aL3_to_aL3
                0x000000004008d2a4                zchr2hex
                0x000000004008efdc                str_to_aL3
                0x000000004008e0ac                str_to_nL2
                0x000000004008eabc                asc_to_asc
                0x000000004008d474                bcd2asc
                0x000000004008daf8                asc_to_num
                0x000000004008f194                bin_to_bin
                0x000000004008c6f4                process_iso8583
                0x000000004008d230                hex2chr
                0x000000004008f0b0                aL3_to_str
                0x000000004008e4d4                str_to_xnu
                0x000000004008deb4                nL2_to_nL2
                0x000000004008f7ac                bL3_to_hst
                0x000000004008c5f8                BitMap_Test
                0x000000004008d300                hex2zchr
                0x000000004008da84                num_to_num
                0x000000004008f4e4                bL2_to_hst
                0x000000004008e654                str_to_zL2
                0x000000004008f28c                bin_to_hst
                0x000000004008da04                LLL2int
                0x000000004008f6a0                hst_to_bL3
 .text          0x000000004008f894     0x155c ../../sdk/Bitel_Bitel.a(KEYLIB.o)
                0x00000000400905b8                InputNoAmount
                0x0000000040090af8                InsertDOTorComma
                0x000000004008fbd8                InputPassWord
                0x000000004008fdb4                InputDateTime
                0x000000004008fb1c                InputOneNo
                0x000000004008f894                InputNoString
 .text          0x0000000040090df0     0x1e98 ../../sdk/Bitel_Bitel.a(KEYPAD.o)
                0x0000000040090f34                KEYPAD_EnterPassword
                0x000000004009223c                KEYPAD_EnterAmount
                0x000000004009100c                KEYPAD_Input
                0x0000000040090e5c                KEYPAD_EnterAlphapet
                0x000000004009297c                InputIPA
                0x0000000040090ec8                KEYPAD_EnterIP
                0x000000004009277c                PINBAD_WaitKey
                0x0000000040092908                KEYPAD_BuzzerTone
                0x00000000400928a0                KEYPAD_asc_long
                0x00000000400927c0                KEYPAD_long_asc
                0x0000000040090df0                KEYPAD_EnterHex
                0x0000000040090fa0                KEYPAD_EnterDigits
                0x0000000040092bd4                Lprintf_1
 .text          0x0000000040092c88      0x72c ../../sdk/Bitel_Bitel.a(LCDLIB.o)
                0x0000000040092e48                HighlightOff
                0x000000004009303c                ClearLCDLine
                0x0000000040092f0c                HighlightAllOff
                0x0000000040092fa4                ClearLCDScreen
                0x0000000040092d1c                CursorOff
                0x00000000400931b0                Lprint_1
                0x0000000040092d84                HighlightOn
                0x0000000040092c88                CursorOn
                0x000000004009308c                Lprint
                0x0000000040093250                Lprint_n
 .text          0x00000000400933b4     0x179c ../../sdk/Bitel_Bitel.a(RTCLIB.o)
                0x0000000040093434                SetRTCDateTime
                0x0000000040093dd8                convMJD2JALALI
                0x0000000040093db0                CheckBigMonth
                0x00000000400933b4                GetRTCDateTime
                0x0000000040093b20                CalculateDay
                0x000000004009444c                convJALALI2MJD
                0x0000000040093cec                CheckLeapMonth
                0x00000000400936e4                CheckDateAndTime
 .text          0x0000000040094b50     0x1960 ../../sdk/Bitel_Bitel.a(RTCLIB2.o)
                0x00000000400954b4                RTC_GetGregorianLeapMonth
                0x0000000040095dac                RTC_Jalali2Gregorian
                0x0000000040094bd0                RTC_SetDateTime
                0x0000000040094e80                RTC_CheckGregorianInputDateTime
                0x00000000400952d8                RTC_GetGregorianDay
                0x0000000040094b50                RTC_GetDateTime
                0x0000000040095738                RTC_Gregorian2Jalali
                0x0000000040095578                RTC_GetGregorianBigMonth
                0x000000004009559c                RTC_GetGregorianDays
 .text          0x00000000400964b0      0x1d4 ../../sdk/Bitel_Bitel.a(TIMERLIB.o)
                0x00000000400964b0                WaitKeyPress10MS
                0x0000000040096628                delta10MS
                0x00000000400965b8                Get10MSTimer
                0x00000000400965a4                Get1MSTimer
                0x00000000400965cc                delta1MS
 .text          0x0000000040096684       0xa4 ../../sdk/Bitel_Bitel.a(UTILLIB.o)
                0x0000000040096684                IndianNo2FarsiNo
 .text          0x0000000040096728       0x68 ../../sdk/Bitel_Bitel.a(_ledf2.o)
                0x0000000040096728                __ledf2
 .text          0x0000000040096790       0x98 ../../sdk/Bitel_Bitel.a(_orderdf2.o)
                0x0000000040096790                __orderdf2
 .text          0x0000000040096828      0xad8 ../../sdk/Bitel_Bitel.a(gem_TL.o)
 .text          0x0000000040097300     0x2728 ../../sdk/Bitel_Bitel.a(libc.o)
                0x000000004009966c                Bitel_strncpy
                0x000000004009903c                Bitel_strlen
                0x0000000040098ebc                Bitel_vsprintf
                0x0000000040098f28                Bitel_sprintf
                0x00000000400994c0                Bitel_tolower
                0x0000000040097318                _mon_getc
                0x0000000040097300                __umoddi3
                0x0000000040097308                __udivdi3
                0x0000000040099758                Bitel_Stop_main_Loop
                0x0000000040098008                Bitel_qsort
                0x0000000040098df4                Bitel_memchr
                0x000000004009978c                Bitel_strncmp
                0x00000000400995f8                Bitel_memset
                0x0000000040099518                Bitel_toupper
                0x0000000040099970                RprintBuf
                0x00000000400998b0                new_String
                0x0000000040097310                _mon_write
                0x0000000040098fe4                Bitel_strcpy
                0x0000000040099088                Bitel_strtol
                0x0000000040099570                Bitel_memcpy
                0x00000000400984a8                Bitel_bsearch
                0x0000000040098f6c                Bitel_sprintf_one
 .text          0x0000000040099a28     0x779c ../../sdk/Bitel_Bitel.a(ppdrv.o)
                0x000000004009ba8c                InputPinpadKey
                0x000000004009a538                RdPED
                0x00000000400a10d4                PinpadBypassTask
                0x00000000400a1034                InitPinpadBypassTask
                0x000000004009f6f4                EncryptWorkingKey
                0x00000000400a0fc0                PED_GenerateMAC
                0x00000000400a0f44                PED_LoadInitKey
                0x00000000400a0cd0                ComputeMAC
                0x000000004009a1bc                InitComm
                0x000000004009a354                DrvWrCom
                0x000000004009a5e8                SendRespPacket
                0x000000004009b9bc                CheckHexVal
                0x00000000400a0948                dUKPT_getPEK
                0x000000004009bee8                PinpadDrvTask
                0x000000004009f804                SaveDukptKey
                0x000000004009fff8                dUKPT_LoadInit
                0x000000004009a244                InitPinpadDrv
                0x000000004009a0b4                Hex2Char
                0x000000004009a33c                SetPinpadMode
                0x000000004009a48c                WrPED
                0x0000000040099a28                DisplayMsg
                0x000000004009a400                DrvRdCom
                0x0000000040099ef8                Char2Hex
                0x000000004009dd14                ProcPinData
                0x000000004009f94c                LoadDukptKey
                0x00000000400a0e1c                PED_EncryptDUKPT
 .text          0x00000000400a11c4     0x237c ../../sdk/Bitel_Bitel.a(r_enhanc.o)
                0x00000000400a2198                R_OpenUpdate
                0x00000000400a1b44                R_SealInit
                0x00000000400a1730                R_SignFinal
                0x00000000400a26a0                R_VerifyPEMSignature
                0x00000000400a18d8                R_VerifyUpdate
                0x00000000400a1248                R_DigestInit
                0x00000000400a25e0                R_SignBlock
                0x00000000400a1944                R_VerifyFinal
                0x00000000400a1d58                R_SealUpdate
                0x00000000400a14dc                R_DigestFinal
                0x00000000400a250c                R_SignPEMBlock
                0x00000000400a2374                R_OpenFinal
                0x00000000400a27b8                R_VerifyBlockSignature
                0x00000000400a1f30                R_SealFinal
                0x00000000400a11c4                R_RSAEuroInfo
                0x00000000400a2878                R_SealPEMBlock
                0x00000000400a2d2c                R_DecryptOpenPEMBlock
                0x00000000400a2f5c                R_EncryptOpenPEMBlock
                0x00000000400a2a00                R_OpenPEMBlock
                0x00000000400a1878                R_VerifyInit
                0x00000000400a1384                R_DigestUpdate
                0x00000000400a16c4                R_SignUpdate
                0x00000000400a1664                R_SignInit
                0x00000000400a2c70                R_DigestBlock
                0x00000000400a1fec                R_OpenInit
 .text          0x00000000400a3540      0xa44 ../../sdk/Bitel_Bitel.a(r_keygen.o)
                0x00000000400a3540                R_GeneratePEMKeys
 .text          0x00000000400a3f84      0x73c ../../sdk/Bitel_Bitel.a(r_random.o)
                0x00000000400a4154                R_GenerateBytes
                0x00000000400a3fdc                R_RandomUpdate
                0x00000000400a4130                R_GetRandomBytesNeeded
                0x00000000400a444c                R_RandomMix
                0x00000000400a4310                R_RandomFinal
                0x00000000400a4348                R_RandomCreate
                0x00000000400a3f84                R_RandomInit
 .text          0x00000000400a46c0      0xef0 ../../sdk/Bitel_Bitel.a(rsa.o)
                0x00000000400a4c1c                RSAPrivateDecrypt
                0x00000000400a46c0                RSAPublicEncrypt
                0x00000000400a4e34                RsaPublicKeyFunction
                0x00000000400a4ab8                RSAPrivateEncrypt
                0x00000000400a5008                RsaPrivateKeyFunction
                0x00000000400a4894                RSAPublicDecrypt
 .text          0x00000000400a55b0     0x46f8 ../../sdk/Bitel_Bitel.a(shsc.o)
                0x00000000400a5648                SHSUpdate
                0x00000000400a5880                SHSFinal
                0x00000000400a55b0                SHSInit
 .text          0x00000000400a9ca8      0xc88 ../../sdk/Bitel_Bitel.a(DES_ECB.o)
                0x00000000400aa524                des
 .text          0x00000000400aa930     0x159c ../../sdk/Bitel_Bitel.a(FRMWRI.o)
                0x00000000400ab21c                _formatted_write
 .text          0x00000000400abecc     0x1f10 ../../sdk/Bitel_Bitel.a(NN.o)
                0x00000000400acdf8                NN_Mod
                0x00000000400ac2d8                NN_Mult
                0x00000000400ac714                NN_Div
                0x00000000400ad93c                NN_Digits
                0x00000000400abfec                NN_Encode
                0x00000000400ad9d4                NN_Add
                0x00000000400abecc                NN_Decode
                0x00000000400ac1c4                NN_Sub
                0x00000000400ad260                NN_ModInv
                0x00000000400acec8                NN_ModExp
                0x00000000400ac550                NN_LShift
                0x00000000400ad6f8                NN_Bits
                0x00000000400ac0f4                NN_AssignZero
                0x00000000400ad8d8                NN_Assign
                0x00000000400ad868                NN_Zero
                0x00000000400ace50                NN_ModMult
                0x00000000400ad790                NN_Cmp
                0x00000000400ad4b4                NN_Gcd
                0x00000000400ac140                NN_Assign2Exp
                0x00000000400ac630                NN_RShift
 *fill*         0x00000000400adddc        0x4 00
 .text          0x00000000400adde0      0x4c0 ../../sdk/Bitel_Bitel.a(_divdf3.o)
                0x00000000400adde0                __divdf3
 .text          0x00000000400ae2a0       0x68 ../../sdk/Bitel_Bitel.a(_gedf2.o)
                0x00000000400ae2a0                __gedf2
 .text          0x00000000400ae308       0x68 ../../sdk/Bitel_Bitel.a(_ltdf2.o)
                0x00000000400ae308                __ltdf2
 .text          0x00000000400ae370       0x68 ../../sdk/Bitel_Bitel.a(_nedf2.o)
                0x00000000400ae370                __nedf2
 .text          0x00000000400ae3d8     0x2d50 ../../sdk/Bitel_Bitel.a(desc.o)
                0x00000000400ae680                DESX_CBCInit
                0x00000000400ae654                DES_CBCRestart
                0x00000000400af5dc                desfunc
                0x00000000400ae9bc                DESX_CBCRestart
                0x00000000400aeee0                unscrunch
                0x00000000400ae760                DESX_CBCUpdate
                0x00000000400ae468                DES_CBCUpdate
                0x00000000400aed74                scrunch
                0x00000000400ae9e8                DES3_CBCInit
                0x00000000400ae3d8                DES_CBCInit
                0x00000000400aeb14                DES3_CBCUpdate
                0x00000000400aed48                DES3_CBCRestart
                0x00000000400af004                deskey
 .text          0x00000000400b1128      0x69c ../../sdk/Bitel_Bitel.a(lebRS232.o)
                0x00000000400b1598                Bitel_RS_Status
                0x00000000400b1504                Bitel_RS_printf
                0x00000000400b1260                Bitel_KeyPadScan
                0x00000000400b1304                Bitel_RS_Anser
                0x00000000400b142c                Bitel_RS_Lisen
                0x00000000400b15e4                Bitel_Init_RS232
                0x00000000400b1128                get_one_char
 .text          0x00000000400b17c4     0x20b0 ../../sdk/Bitel_Bitel.a(libEncryption.o)
                0x00000000400b3514                MD5Final
                0x00000000400b1854                Bitel_Encryption_hex2chr
                0x00000000400b1c18                Bitel_Encryption_sb3_to_str
                0x00000000400b2168                Bitel_Encryption_str_to_bcd
                0x00000000400b2014                Bitel_Encryption_bcd_to_str
                0x00000000400b3320                MD5Init
                0x00000000400b1a58                Bitel_Encryption_BCD2ASCS
                0x00000000400b3378                MD5Update
                0x00000000400b18b0                Bitel_Encryption_ASC2BCDS
                0x00000000400b3754                Bitel_Encryption_MD5
                0x00000000400b1dc4                Bitel_Encryption_str_to_sb3
                0x00000000400b17c4                Bitel_Encryption_chr2hex
 .text          0x00000000400b3874      0x69c ../../sdk/Bitel_Bitel.a(libPorts.o)
                0x00000000400b3874                Bitel_Com0_Init
                0x00000000400b3a0c                Bitel_Com3_Init
                0x00000000400b3984                Bitel_Com2_Init
                0x00000000400b38fc                Bitel_Com1_Init
                0x00000000400b3d88                Bitel_Read_Com
                0x00000000400b3a94                Bitel_Write_Com
 .text          0x00000000400b3f10      0x398 ../../sdk/Bitel_Bitel.a(lib_timer.o)
                0x00000000400b41ac                Bitel_Wait_Normal_Wait
                0x00000000400b4238                Bitel_Wait_Normal_Delta_1MS
                0x00000000400b4030                Bitel_Wait_Wait_1_MS
                0x00000000400b4210                Bitel_Wait_Get_10MS_Timer
                0x00000000400b4170                Bitel_Wait_Key_Press
                0x00000000400b4084                Bitel_Wait_Delta_Short_MS
                0x00000000400b41e8                Bitel_Wait_Get_1MS_Timer
                0x00000000400b3f10                Bitel_Wait_Sleep10
                0x00000000400b4270                Bitel_Wait_Normal_Delta_10MS
                0x00000000400b3f54                Bitel_Wait_Dalta_Long_MS
 .text          0x00000000400b42a8      0x4c0 ../../sdk/Bitel_Bitel.a(md2c.o)
                0x00000000400b430c                MD2Update
                0x00000000400b447c                MD2Final
                0x00000000400b42a8                MD2Init
 .text          0x00000000400b4768     0x12c0 ../../sdk/Bitel_Bitel.a(md4c.o)
                0x00000000400b4974                MD4Final
                0x00000000400b47c4                MD4Update
                0x00000000400b4768                MD4Init
 .text          0x00000000400b5a28      0x538 ../../sdk/Bitel_Bitel.a(prime.o)
                0x00000000400b5a28                GeneratePrime
 .text          0x00000000400b5f60      0x634 ../../sdk/Bitel_Bitel.a(r_encode.o)
                0x00000000400b5f60                R_EncodePEMBlock
                0x00000000400b6080                R_DecodePEMBlock
 *fill*         0x00000000400b6594        0x4 00
 .text          0x00000000400b6598      0x2e0 ../../sdk/Bitel_Bitel.a(_addsf3.o)
                0x00000000400b6868                __subsf3
                0x00000000400b6598                __addsf3
 .text          0x00000000400b6878       0xc8 ../../sdk/Bitel_Bitel.a(_extendsfdf2.o)
                0x00000000400b6878                __extendsfdf2
 .text          0x00000000400b6940       0x90 ../../sdk/Bitel_Bitel.a(_fixsfsi.o)
                0x00000000400b6940                __fixsfsi
 .text          0x00000000400b69d0      0x190 ../../sdk/Bitel_Bitel.a(_floatsisf.o)
                0x00000000400b69d0                __floatsisf
 .text          0x00000000400b6b60      0x130 ../../sdk/Bitel_Bitel.a(_truncdfsf2.o)
                0x00000000400b6b60                __truncdfsf2
 *(.rodata*)
 .rodata        0x00000000400b6c90      0xfd8 ././tmsdown.o
 .rodata        0x00000000400b7c68       0x34 ././timeconv.o
 *fill*         0x00000000400b7c9c        0x4 00
 .rodata        0x00000000400b7ca0      0x2a8 ././scard.o
                0x00000000400b7f34                gcTrmCAPK
                0x00000000400b7f38                gcTrmExcepList
                0x00000000400b7f40                gcTrmDATA
                0x00000000400b7ca0                gcHex2Asc
                0x00000000400b7f3c                gcTrmRevocList
                0x00000000400b7cb0                tbl_IccDataList
 .rodata        0x00000000400b7f48      0x7ec ././main.o
 .rodata        0x00000000400b8734       0x14 ././reftable.o
                0x00000000400b8734                AppStrName
 .rodata        0x00000000400b8748     0x2ff4 ././prtmsg.o
                0x00000000400b8748                PRT_MSG_TBL1
 .rodata        0x00000000400bb73c      0x148 ././rtc.o
                0x00000000400bb784                Month12
                0x00000000400bb73c                DAY_STR_TBL
 .rodata        0x00000000400bb884      0xa70 ././apppos.o
                0x00000000400bbec4                ResponseCode_tbl
                0x00000000400bb884                TrxnName_tbl
                0x00000000400bbf30                REPRINTER_COUNT_TO_LOG_COUNT_TBL
 .rodata        0x00000000400bc2f4        0x4 ././rs232.o
 .rodata        0x00000000400bc2f8      0x788 ././printer.o
                0x00000000400bc2f8                PrintErrorMsg
 .rodata        0x00000000400bca80       0x50 ././utils.o
 .rodata        0x00000000400bcad0     0x17d8 ././key.o
                0x00000000400bcad0                tbl_MainService
 .rodata        0x00000000400be2a8     0x8610 ././lcdmsg.o
                0x00000000400be2a8                LCD_INITIAL_MSG_TBL
                0x00000000400be2c0                LCD_LOGO_MSG_TBL
                0x00000000400be2ec                LCD_MSG_TBL1
                0x00000000400c5c30                LCD_MSG_TBL4
 .rodata        0x00000000400c68b8      0x1f0 ././modem.o
                0x00000000400c68b8                DISCONNECT_TBL
 .rodata        0x00000000400c6aa8      0x2d8 ././flash.o
 .rodata        0x00000000400c6d80      0xf10 ././htmlutil.o
 .rodata        0x00000000400c7c90      0x264 ././hwtest.o
                0x00000000400c7ca4                SERIAL2_PORT_TBL
                0x00000000400c7c90                DOWNLOAD_PORT_TBL
 .rodata        0x00000000400c7ef4       0x24 ././sfontlib.o
 .rodata        0x00000000400c7f18     0x21ec ././gsm.o
                0x00000000400c838c                GPRS_WAVECOM_DISCONNECT_TBL
                0x00000000400c83a0                GPRS_CINTERION_DISCONNECT_TBL
                0x00000000400c7f18                tbl_ReqSequence
 *fill*         0x00000000400ca104        0x4 00
 .rodata        0x00000000400ca108       0x48 ../../lib/libc.a(strtod.o)
 .rodata.cst8   0x00000000400ca150       0x10 ../../lib/libc.a(strtod.o)
 .rodata        0x00000000400ca160      0x104 ../../lib/libc.a(ctype.o)
                0x00000000400ca160                _ctype
 *fill*         0x00000000400ca264        0x4 00
 .rodata.cst8   0x00000000400ca268        0x8 ../../lib/libc.a(ldexp.o)
                                         0x10 (size before relaxing)
 .rodata        0x00000000400ca270      0x114 ../../lib/libc.a(_doprnt.o)
 *fill*         0x00000000400ca384        0x4 00
 .rodata.cst8   0x00000000400ca388       0x18 ../../lib/libc.a(_doprnt.o)
                                         0x28 (size before relaxing)
 .rodata.str1.4
                0x00000000400ca3a0       0x1b ../../lib/libc.a(_doprnt.o)
                                         0x1c (size before relaxing)
 *fill*         0x00000000400ca3bb        0x1 00
 .rodata        0x00000000400ca3bc       0x14 ../../lib/libc.a(_iobdata.o)
                0x00000000400ca3bc                _io_funcs
 .rodata        0x00000000400ca3d0       0x14 ../../lib/libc.a(_iobstring.o)