Archive member included because of file (symbol)

./lib/atoflib.a(_ATOF.o)      ././printer.o (atof)
./lib/atoflib.a(__AFCNV.o)    ./lib/atoflib.a(_ATOF.o) (_afcnv)
./lib/libe.a(_divdf3.o)       ././btlib/lib/frmwri.o (__divdf3)
./lib/libe.a(_muldf3.o)       ././key.o (__muldf3)
./lib/libe.a(_adddf3.o)       ././scard.o (__adddf3)
./lib/libe.a(_fixdfsi.o)      ././key.o (__fixdfsi)
./lib/libe.a(_floatsidf.o)    ././scard.o (__floatsidf)
./lib/libe.a(_nedf2.o)        ././btlib/lib/frmwri.o (__nedf2)
./lib/libe.a(_gedf2.o)        ././btlib/lib/frmwri.o (__gedf2)
./lib/libe.a(_ltdf2.o)        ././btlib/lib/frmwri.o (__ltdf2)
./lib/libe.a(_ledf2.o)        ././btlib/lib/frmwri.o (__ledf2)
./lib/libe.a(_orderdf2.o)     ./lib/libe.a(_nedf2.o) (__orderdf2)
./lib/emvlib.a(sc_at83c26.o)  ././btlib/bt_driver/asmutil.o (at83c26_io)
./lib/emvlib.a(emv_init.o)    ././btlib/bt_driver/asmutil.o (emv_init)
./lib/emvlib.a(emv_timer.o)   ./lib/emvlib.a(emv_init.o) (emv_timer_init)
./lib/emvlib.a(hal_scs_cancel.o)
                              ./lib/emvlib.a(emv_timer.o) (hal_scs_cancel)
./lib/emvlib.a(hal_scs_dev.o)
                              ./lib/emvlib.a(hal_scs_cancel.o) (hal_scs_dev_cancel_transfer)
./lib/emvlib.a(hal_scs_init.o)
                              ./lib/emvlib.a(emv_init.o) (hal_scs_init)
./lib/emvlib.a(hal_scs_ioctl.o)
                              ./lib/emvlib.a(sc_at83c26.o) (hal_scs_ioctl)
./lib/emvlib.a(hal_scs_isr.o)
                              ./lib/emvlib.a(hal_scs_init.o) (hal_scs_isr0)
./lib/emvlib.a(hal_scs_set_config.o)
                              ./lib/emvlib.a(hal_scs_init.o) (hal_scs_set_config)
./lib/emvlib.a(hal_apm.o)     ./lib/emvlib.a(sc_at83c26.o) (hal_apm_get_clock_frequency)
./lib/emvlib.a(hal_flash.o)   ./lib/emvlib.a(hal_apm.o) (hal_flash_init)
./lib/emvlib.a(hal_i2c.o)     ./lib/emvlib.a(sc_at83c26.o) (hal_i2c_init)
./lib/emvlib.a(hal_intr.o)    ./lib/emvlib.a(hal_scs_init.o) (hal_interrupt_attach)
./lib/emvlib.a(hal_libc.o)    ./lib/emvlib.a(hal_flash.o) (hal_memcmp)
./lib/emvlib.a(hal_sys_alloc.o)
                              ./lib/emvlib.a(emv_init.o) (hal_sys_pool_init)
./lib/emvlib.a(hal_timer.o)   ./lib/emvlib.a(emv_timer.o) (hal_timer_init)
./lib/emvlib.a(hal_apm_clock.o)
                              ./lib/emvlib.a(hal_apm.o) (hal_apm_change_clock_frequency)
./lib/emvlib.a(hal_intr_mask.o)
                              ./lib/emvlib.a(hal_scs_dev.o) (hal_interrupt_mask)
./lib/emvlib.a(at83c26_api.o)
                              ./lib/emvlib.a(sc_at83c26.o) (c26_general_init)
./lib/emvlib.a(at83c26_lib.o)
                              ./lib/emvlib.a(sc_at83c26.o) (c26_read_command)
./lib/emvlib.a(hal_scs_analog.o)
                              ./lib/emvlib.a(hal_scs_dev.o) (hal_scs_analog_card_presence)
./lib/emvlib.a(hal_scs_clock.o)
                              ./lib/emvlib.a(hal_scs_set_config.o) (hal_scs_set_clock)
./lib/emvlib.a(hal_scs_counter.o)
                              ./lib/emvlib.a(hal_scs_dev.o) (hal_scs_counter_halt)
./lib/emvl2.a(DES_ECB.o)      ././btlib/bt_driver/ppdrv.o (des)
./lib/emvl2.a(EMV_APP.o)      ././scard.o (gbIccAIDno)
./lib/emvl2.a(EMV_CAT.o)      ./lib/emvl2.a(EMV_APP.o) (TrmARC_Y1)
./lib/emvl2.a(emv_APDU.o)     ././scard.o (gem_Protocol)
./lib/emvl2.a(gem_TL.o)       ././scard.o (TL_SendReceive)
./lib/emvl2.a(r_enhanc.o)     ././btlib/bt_driver/cryptolib.o (R_DigestInit)
./lib/emvl2.a(r_keygen.o)     ././btlib/bt_driver/cryptolib.o (R_GeneratePEMKeys)
./lib/emvl2.a(r_random.o)     ././btlib/bt_driver/cryptolib.o (R_RandomInit)
./lib/emvl2.a(rsa.o)          ./lib/emvl2.a(r_enhanc.o) (RSAPublicEncrypt)
./lib/emvl2.a(shsc.o)         ./lib/emvl2.a(r_enhanc.o) (SHSInit)
./lib/emvl2.a(NN.o)           ./lib/emvl2.a(rsa.o) (NN_Decode)
./lib/emvl2.a(desc.o)         ./lib/emvl2.a(r_enhanc.o) (DES_CBCInit)
./lib/emvl2.a(md2c.o)         ./lib/emvl2.a(r_enhanc.o) (MD2Init)
./lib/emvl2.a(md4c.o)         ./lib/emvl2.a(r_enhanc.o) (MD4Init)
./lib/emvl2.a(md5c.o)         ./lib/emvl2.a(r_enhanc.o) (MD5Init)
./lib/emvl2.a(prime.o)        ./lib/emvl2.a(r_keygen.o) (GeneratePrime)
./lib/emvl2.a(r_encode.o)     ./lib/emvl2.a(r_enhanc.o) (R_EncodePEMBlock)
./lib/emvlib.a(emv_power_up.o)
                              ./lib/emvl2.a(gem_TL.o) (emv_power_up)
./lib/emvlib.a(emv_set_slot_info.o)
                              ./lib/emvlib.a(emv_power_up.o) (emv_set_slot_info)
./lib/emvlib.a(emv_t1.o)      ./lib/emvlib.a(emv_power_up.o) (emv_t1_block)
./lib/emvlib.a(emv_transmit.o)
                              ./lib/emvl2.a(gem_TL.o) (emv_transmit)
./lib/emvlib.a(hal_scs_attach.o)
                              ./lib/emvlib.a(emv_power_up.o) (hal_scs_attach)
./lib/emvlib.a(hal_scs_get_last_error.o)
                              ./lib/emvlib.a(emv_power_up.o) (hal_scs_get_last_error)
./lib/emvlib.a(hal_scs_get_slot_info.o)
                              ./lib/emvlib.a(emv_power_up.o) (hal_scs_get_slot_info)
./lib/emvlib.a(hal_scs_get_status.o)
[...]
Memory Configuration

Name             Origin             Length             Attributes
flash            0x0000000040000000 0x0000000000800000 xrw
sram             0x0000000050000000 0x0000000000200000 xrw
*default*        0x0000000000000000 0xffffffffffffffff

Linker script and memory map


.com.vect.r     0x0000000040000000      0x630
 *(.cstartup)
 .cstartup      0x0000000040000000      0x630 ././btlib/bt_driver/cstartup.o
                0x0000000040000590                SEARCH_REFTABLE
                0x0000000040000000                int_vector
                0x0000000040000240                ASMSTART

.usr.text       0x0000000040000630    0xdada4
                0x0000000040000630                _stext = .
                0x0000000040000630                _ftext = .
 *(.lib.prog)
 .lib.prog      0x0000000040000630     0xdfe8 ././btlib/bt_driver/btutils.o
                0x000000004000dac8                GET_1M_TIMER
                0x0000000040001fa0                GRADATALOAD240OFFSET
                0x0000000040007ecc                CARD_DISABLE
                0x000000004000e0e0                LCDCONT_SEXIST
                0x000000004000dbec                CL_RESET
                0x000000004000c194                SENSOR_CAUSE1
                0x000000004000198c                icorpld
                0x0000000040009b08                RTC_CLK_WRITE
                0x0000000040001b5c                MMAKEDLD
                0x000000004000b9d0                READ_POWER_SAVING_STATUS
                0x000000004000c2cc                CHK_VERNUM
                0x000000004000d8ec                TASK_STOP
                0x00000000400011cc                LCDON
                0x000000004000e090                CHECK_CL_INT
                0x000000004000b3f8                NMI_VSR
                0x00000000400019f4                PAGELD
                0x000000004000b6fc                SENSOR_SET_CONFIG
                0x000000004000ab6c                SELECT_APPLICATION
                0x0000000040002214                GRAPOSITION240
                0x00000000400076e4                INIT_CR
                0x00000000400019b8                CORPLD
                0x000000004000b2ac                GET_TRUE_RANDOM_NUMBER
                0x0000000040009dcc                FLASH_RAM_PROGRAM
                0x000000004000e2c0                UART23_POWERON
                0x000000004000b920                SET_TX_TIME_INTERVAL
                0x000000004000c44c                GET_FONTDATA
                0x00000000400018b0                COLUMND
                0x000000004000ae94                FLASH_SECTOR_ERASE
                0x000000004000c124                SENSOR_CAUSE
                0x000000004000dd34                ReadRawRC
                0x000000004000d5f8                POWER_KEY_INHIBIT
                0x000000004000de20                SET_SPI_CONFIG
                0x00000000400081a8                LCD_RESET
                0x000000004000b25c                BACK_OFF
                0x0000000040001274                LCDEXTRA_AREA
                0x00000000400082dc                KEYS_TYPE
                0x000000004000ac04                SAVE_BOOT_APPLICATION
                0x0000000040001cfc                GRADATA_LOAD
                0x00000000400013c0                RS232_SETUP
                0x000000004000a2d4                FLASH_RAM_PROGRAM32
                0x0000000040000ae4                INITLCD
                0x000000004000e160                LED_DISPLAY
                0x000000004000df10                CL_CARD_ENABLE
                0x0000000040001594                PAPER_READ
                0x000000004000da70                SET_TASK_STACK_SIZE
                0x000000004000b620                FOR_PROMPT
                0x000000004000e514                SLE_POWERUP
                0x000000004000e4dc                UART3_RESETOUT
                0x000000004000dc50                WriteRawRC
                0x0000000040001b2c                MAKEDLD
                0x00000000400082b8                ENTER_RESET
                0x000000004000c380                GET_HWDATA
                0x000000004000e064                SET_CONTACTLESS_INTERFACE
                0x0000000040007230                KEYDECODER
                0x000000004000bd14                POWER_ICON_DISPLAY
                0x000000004000a7ec                WRITE_APP_PROGRAM
                0x000000004000db34                SET_MULTITASKING_USAGE
                0x000000004000dadc                SET_TASK_PRIORITY_MODE
                0x0000000040001574                RS232_DATA_READ
                0x0000000040001e28                GRA64LD
                0x00000000400013fc                RS232_ENABLE
                0x0000000040001af4                MAKEDI0
                0x000000004000ca74                VARINIT
                0x0000000040001438                RS232_TX_STATUS
                0x000000004000ba80                CONTROL_POWER_SAVING_STATUS
                0x000000004000c214                SIM_SELECT
                0x000000004000cda4                UART1_POWERDOWN
                0x000000004000cea8                FOMA_ONOFF
                0x000000004000b5a4                DLY10MS
                0x000000004000dfd0                CL_CARD_DISABLE
                0x000000004000cd2c                RS232_POWERON
                0x000000004000800c                MODEM_RESET
                0x000000004000b078                BEEP_TONE
                0x000000004000718c                GET_KEYDATA
                0x0000000040008130                WIFI_POWER_OFF
                0x0000000040008230                SCC_RESET
                0x000000004000d970                SET_TASK_CHANGE_TIME
                0x0000000040001fe4                GRADATALOAD240
                0x000000004000cde4                MEMSIM
                0x000000004000d67c                TASK_START
                0x000000004000d57c                POWER_OFF
                0x000000004000c49c                PRINTER_OFF
                0x0000000040001200                LCDOFF
                0x00000000400080a4                WIFI_POWER_ON
                0x000000004000b1e0                BACK_ON
                0x000000004000afb0                USIP_REG_READ
                0x000000004000c5e4                SYSINIT
                0x000000004000e34c                UART2_RESETOUT
                0x000000004000231c                FNTLD
                0x0000000040001b10                MAKEDI1
                0x000000004000977c                RTC_CLK_READ
                0x000000004000ac8c                FLASH_WRITE
                0x0000000040007d98                CARD_ENABLE
                0x0000000040000870                INIT_SYSTEM
                0x000000004000b29c                BACK_ONOFF
                0x0000000040008334                CARD_READ
                0x0000000040007f68                TRACK_SETUP
                0x000000004000cd68                UART1_POWERON
                0x000000004000d110                ENTER_STANDBY
                0x000000004000b85c                DELAY_US
                0x000000004000b374                ENTER_AFTER_KEYLOAD
                0x0000000040001554                RS232_RX_COUNT_DEC
                0x000000004000b014                USIP_REG_WRITE
                0x000000004000a8bc                FIND_APPLICATION
                0x0000000040000630                utils_function
                0x000000004000172c                LCD_CONT
 .lib.prog      0x000000004000e618     0x7844 ././btlib/bt_driver/asmutil.o
                0x0000000040014378                CheckCrc16
                0x0000000040010250                ICON_CLOCK_DISPLAY
                0x000000004000e6c8                CHECK_RFCTS
                0x0000000040014e24                BT_flash_write
                0x0000000040013690                FIND_APP
                0x000000004001250c                WRCOM0
                0x0000000040012b68                EDITINS
                0x000000004000e6d4                DTR_HIGH
                0x000000004000f4cc                DISPLAY_BCLEAR
                0x000000004001161c                PINPAD_SEL
                0x000000004000e9c8                ONLINE_READ
                0x000000004001085c                ADV_DISPLAY
                0x0000000040011654                SET_SERIAL_COMBO
                0x00000000400140a4                InitCrc16A
                0x000000004000ea50                SET_BUFFER_SIZE_8K
                0x0000000040015648                RAM_Program_Init
                0x0000000040012894                READ_COM1
                0x000000004000e784                RS232BAUD
                0x000000004000edd4                SET_VERSION_NUMBER
                0x000000004000f98c                STR_DISPLAY
                0x000000004000e768                MODEM_PARITY
                0x00000000400102ac                CHECK_LCD_TYPE
                0x0000000040010944                USE_PRTFONT
                0x000000004000ef48                L4_SUB
                0x000000004001031c                GRA_LOAD
                0x0000000040013e2c                CheckProgCrc16
                0x000000004000f300                DSPFHAN
                0x0000000040011634                RFCARD_SEL
                0x00000000400116f0                UARTRXCOUNT
                0x0000000040012bd0                EDIT_CURSOR_INC
                0x000000004000e73c                COM3RXCOUNT
                0x0000000040012c90                EDIT_CURSOR_DEC
                0x0000000040013954                SYNC_MODE
                0x0000000040012098                WRCOM3
                0x0000000040012eec                EDIT_INIT
                0x0000000040012dcc                EDIT_DISPLAY
                0x000000004000ee10                BUZZOFF
                0x0000000040010e44                DISPOS
                0x0000000040011684                SC_RESET
                0x0000000040010dbc                LCDCNOR
                0x0000000040012dc4                GET_SP
                0x000000004000f38c                DSPFENG
                0x0000000040010ce0                BINVERT
                0x0000000040015b34                GET_X_Y_Z
                0x000000004000e6e4                COM1RXCOUNT
                0x000000004000f5c4                LCD_CLEAR
                0x0000000040011f8c                GEMRXCOUNT
                0x000000004000ead4                KEYSCAN
                0x000000004001030c                GRAMOVE_OFF
                0x000000004000ea04                MAKEONLINE
                0x000000004000e798                READ_RS232_STATUS
                0x000000004000e874                COM1_POINT_INIT
                0x000000004001475c                flash_memcmp
                0x000000004000e8e4                COM3_POINT_INIT
                0x00000000400148c8                BT_flash_init
                0x000000004000e618                SLE_OPEN
                0x0000000040014a40                BT_flash_shutdown
                0x000000004000ffac                ICONCSS
                0x00000000400116bc                UART_FLOW_CONTROL_MODE
                0x00000000400138bc                ENTER_REBOOT
                0x000000004001167c                ASYNC_SEL
                0x000000004001162c                SCARD_SEL
                0x00000000400116f8                READ_UART
                0x00000000400109d4                USE_PRTFONT_2B
                0x0000000040012d54                SAVE_CURSORE
                0x000000004000e710                COM2RXCOUNT
                0x00000000400102e4                GRAMOVE_ON
                0x00000000400128bc                RDCOM0
                0x0000000040010514                _GRA_SCROLL
                0x0000000040011664                CONNECT_PC_TO_PINPAD
                0x000000004001168c                _COMM_RESET
                0x0000000040013934                MODEM_START
                0x0000000040012650                WRITE_COM0
                0x00000000400118e0                WRGEM
                0x000000004001020c                CLEAR_ICON_CLOCK
                0x00000000400106f8                ASC2HEX
                0x0000000040010f78                LCDBOX_OFF
                0x000000004000efdc                LCDDISP
                0x0000000040011fc0                BDeltaMS
                0x000000004001393c                MODEM_STOP
                0x000000004000ea48                LEDOFFS
                0x0000000040011600                MODEM_SEL
                0x0000000040011824                GEMRXGET
                0x0000000040013964                MODEM_SERVICE
                0x0000000040012688                RDCOM3
                0x0000000040011710                UART_ENABLE
                0x00000000400115f8                RS232_SEL
                0x000000004000e774                UART_SETUP
                0x000000004000fc48                SEGLD
                0x0000000040010a1c                LCDCURD
                0x00000000400116d8                UART_ENABLE_ASM
                0x0000000040010780                HEX2ASC
                0x000000004000e83c                COM0_POINT_INIT
                0x00000000400116ac                RTS_SET
                0x00000000400121dc                WRITE_COM3
                0x000000004000ea20                MAKEOFFLINE
                0x000000004000f864                LCD_DISPLAY
                0x000000004000eec4                STR_SUB
                0x0000000040013adc                INFO_DISPLAY
                0x000000004000e6dc                DTR_LOW
                0x000000004000e91c                UART_POINT_INIT
                0x000000004001181c                GEMTX_ENABLE
                0x0000000040012214                WRCOM2
                0x000000004000e7d4                PIN_TX_ENABLE
                0x0000000040014b48                BT_flash_erase
                0x000000004000fa88                FONT_LOAD
                0x0000000040014eb4                BT_flash_unprotect
                0x000000004001163c                AUX_SEL
                0x0000000040010fcc                LCDBLK_OFF
                0x0000000040011fb8                RDGEM
                0x000000004000e8ac                COM2_POINT_INIT
                0x0000000040010c74                BINVERT_COM
                0x0000000040011700                WRITE_UART
                0x0000000040010ec0                GETDPOS
                0x000000004000fc84                ICON_DISPLAY
                0x0000000040015bb8                GET_PROD_ID
                0x000000004000ee68                GET_CURSORP
                0x0000000040013944                MODEM_BLIND
                0x000000004000e808                PIN_DISABLE
                0x000000004001166c                DISCONNECT_PC_TO_PINPAD
                0x0000000040011778                GEMRXPOINT_INIT
                0x00000000400124d4                WRITE_COM1
                0x0000000040011674                SYNC_SEL
                0x0000000040012800                RDCOM1
                0x000000004000ea40                LEDONS
                0x000000004000e7a0                PIN_RX_ENABLE
                0x0000000040013624                BIOS_WRITE
                0x0000000040013c38                nmi_display_routine
                0x000000004000e9c0                HEAD_CENTER
                0x0000000040011610                SELCOM
                0x000000004000f770                CHAR_DISPLAY
                0x000000004001098c                USE_LCDFONT_2B
                0x000000004001169c                DTR_SET
                0x0000000040012e24                NUMENG_DISPLAY
                0x0000000040015cbc                SAVE_PROD_ID
                0x000000004000f4a8                ALLDISP
                0x0000000040013970                LCDprintf
                0x00000000400137d0                FINDEXIST_STRING
                0x000000004000edf8                SET_PRINTER_CURRENT_LIMIT
                0x0000000040013634                ERASE_BOOT
                0x0000000040012744                RDCOM2
                0x000000004001271c                READ_COM3
                0x0000000040011624                SERIAL2_SEL
                0x000000004000ee40                LCD_ON
                0x0000000040014604                DELETE_APPLICATION
                0x000000004000f704                DISPLAY_LINE
                0x0000000040012950                READ_COM0
                0x0000000040011194                LCDBOX_DISPLAY
                0x00000000400106bc                ASC2HES
                0x00000000400127d8                READ_COM2
                0x0000000040013164                TEXT_EDIT
                0x00000000400146d4                flash_memcpy
                0x000000004000e954                PIN_ENTRY_PROCESS
                0x0000000040013618                SAVE_BOOT
                0x000000004000ede0                SAVE_PRINT_KEY
                0x000000004001392c                SYSTEM_DOWNLOAD
                0x0000000040012358                WRITE_COM2
                0x0000000040012390                WRCOM1
                0x0000000040013730                FINDAPP_STRING
                0x000000004001100c                LCDBLK_ON
                0x00000000400114d8                LCD_BLINKING
                0x0000000040011644                SET_SERIAL_OUTPUT
                0x00000000400108fc                USE_LCDFONT
                0x0000000040014a5c                BT_flash_get_info
                0x0000000040012d9c                SAVE_SPACE
                0x0000000040011798                BCD2ASC
                0x0000000040012978                LCDBLKOFF
                0x0000000040011608                HI_SEL
                0x0000000040010040                ICONCKM
                0x000000004000ea64                KBUFFER_SAVE
                0x0000000040011728                GEMRXPOINT_RESET
                0x0000000040010ef4                GET_DISP_POSITION
                0x00000000400138ac                WEARCHAPP
                0x00000000400129b0                LCDBLKON
                0x0000000040015944                XXX_YYY_ZZZ
                0x000000004000f7b8                CHAR_DISPLAYC
                0x0000000040011694                RESET_UART
                0x0000000040014460                GET_APPLICATION_NAME
 .lib.prog      0x0000000040015e5c     0x29fc ././btlib/bt_driver/prtutil.o
                0x0000000040015efc                ENABLE_PRINTER_PROTECTION
                0x0000000040015e88                SET_FORMFEED
                0x0000000040015e6c                SEEK_NO_PAPER
                0x0000000040016968                GET_CHAR_ADDRESS
                0x0000000040016a34                PcopyToDotNormalE
                0x0000000040016514                PRINTER_WORKING
                0x000000004001679c                HEAD_SEEK
                0x0000000040015f0c                DISABLE_PRINTER_PROTECTION
                0x00000000400160ec                PRINTING_SUB
                0x0000000040015fd0                SET_PRINTING_PREFERENCE
                0x0000000040017a1c                LINE_PRINT
                0x0000000040015f20                PRINT_FROM_FIRST
                0x00000000400161c4                PRINTING_SVC
                0x0000000040016814                NOPRT_CHK
                0x0000000040015ebc                SET_LINESPACE
                0x0000000040015e5c                BLINKING_OFF
                0x00000000400169c0                GET_PRT_CHINA
                0x0000000040016078                EBUFFER_SAVE
                0x0000000040016408                UNDER_PAGE_CHECK
                0x0000000040017484                PcopyToDotDoubleH
                0x0000000040016c10                PcopyToDotDoubleE
                0x00000000400167c8                PAPER_SEEK
                0x000000004001605c                AFTERERROR
                0x000000004001600c                ASSIGN_GRAPHICS
                0x00000000400167f4                USE_DWFONT
                0x0000000040015e64                SET_PAPER_FEED
                0x000000004001716c                PcopyToDotNormalH
                0x0000000040015ee4                SET_PRINT_MODE
 *(.lib.text)
 .lib.text      0x0000000040018858      0x79c ././btlib/bt_driver/asmutil.o
                0x0000000040018e9c                REF_STRING
                0x0000000040018a30                CODEZ8
                0x0000000040018c5c                NDISPPT
                0x0000000040018dbc                INFO_DISPMSG
                0x0000000040018acc                ASCIIT2
                0x0000000040018e44                NMI_DISPMSG
                0x0000000040018ea0                REF_STRS
                0x0000000040018afc                EXIST_STRING
                0x0000000040018a2c                CODEZ2
                0x0000000040018af4                APP_STRING
                0x0000000040018e88                BITEL_VERMSG
                0x0000000040018c80                NDISPPT240
                0x0000000040018d5c                POWER240_ICON
                0x0000000040018a50                CODE72
                0x00000000400188c0                LINEOFT
                0x00000000400189ac                TONE_TIME
                0x0000000040018a60                RAMENDADDR
                0x0000000040018a40                CODE62
                0x0000000040018b0c                FLYTEXT
                0x00000000400189ec                TONE_DATA
                0x0000000040018a9c                NUMBERT
                0x0000000040018c9c                BATTERY240_ICON
                0x0000000040018a48                CODE11
                0x0000000040018aa8                ASCIIT
                0x0000000040018bcc                ICONCLKD
                0x0000000040018af8                BOOT_STRING
                0x0000000040018a98                RAMKEEPDATA
                0x0000000040018858                MEMSZIELIMIT_TABLE
                0x0000000040018c94                NDISPPG240
                0x0000000040018870                ODDTBL
                0x0000000040018c4c                BCD2ASC_TABLE
                0x0000000040018880                T1ODDTBL
                0x0000000040018fe8                STR_BTPRODID
                0x0000000040018b2c                ICONDATA
                0x0000000040018a38                CODEZ62
                0x00000000400188e4                TONE_FREQ
                0x0000000040018a34                CODE08
                0x00000000400188e0                RTCAMPM
                0x0000000040018a80                ROMMAXSIZE
                0x0000000040018a58                CODEZ1
                0x0000000040018a70                RAMSPADDR
                0x00000000400188d0                RTCWTBL
                0x0000000040018bc4                ICONCLKP
                0x00000000400188c4                BATTERYLEVEL
                0x00000000400188c8                CLKVTBL
                0x0000000040018af0                ONFLY_STRING
 .lib.text      0x0000000040018ff4      0x618 ././btlib/bt_driver/prtutil.o
                0x0000000040019288                TEMP_TBL
                0x0000000040019110                INTTIMES_TBL
                0x00000000400195f0                LFSTEP
                0x0000000040019558                GRASTB_TBL
                0x00000000400195ac                PRTPREF_TBL
                0x0000000040019318                STBCNT_TBL
                0x00000000400195a4                STBSIG4_TBLN
                0x0000000040019598                STBSIG1_TBLN
                0x00000000400195f8                CHAR_TABLE
                0x00000000400190f4                INTTIME_TBL
                0x0000000040019418                GRADENS_TBL
                0x00000000400195cc                GRASPOS_TBL
                0x00000000400191c0                INTTIMEL_TBL
                0x0000000040018ff4                DOT2BIT
                0x0000000040019518                GRAOFFS_TBL
                0x0000000040019270                INTTIME_ACC
                0x00000000400195a0                STBSIG3_TBLN
                0x000000004001959c                STBSIG2_TBLN
 .lib.text      0x000000004001960c     0x3000 ././btlib/bt_driver/prtfont.o
                0x000000004001960c                PRTFENG
 *(.prtpmlogo.text)
 .prtpmlogo.text
                0x000000004001c60c     0x14a4 ././btlib/lib/prtpmlogo.o
                0x000000004001c60c                PMPrinterLogo
 *(.prtbitellogo.text)
 .prtbitellogo.text
                0x000000004001dab0      0x204 ././btlib/lib/prtbitellogo.o
                0x000000004001dab0                BitelPrinterLogo
 *(.des_ecb.prog)
 *(.des_ecb.text)
 *(.btsclib.prog)
 .btsclib.prog  0x000000004001dcb4     0x1630 ././btlib/lib/btsclib.o
                0x000000004001e370                strcpy
                0x000000004001e25c                memmove
                0x000000004001f1a8                atol
                0x000000004001f2ac                labs
                0x000000004001e1d4                memcpy
                0x000000004001decc                islower
                0x000000004001e110                tolower
                0x000000004001df54                ispunct
                0x000000004001dfe4                isspace
                0x000000004001e084                isxdigit
                0x000000004001ee10                strtol
                0x000000004001ea04                strrchr
                0x000000004001e490                strcat
                0x000000004001e7e0                memchr
                0x000000004001eb5c                strstr
                0x000000004001f1e0                rand
                0x000000004001e040                isupper
                0x000000004001e714                strncmp
                0x000000004001e3dc                strncpy
                0x000000004001ddac                isascii
                0x000000004001ec58                strtok
                0x000000004001e5e8                memcmp
                0x000000004001dd40                isalpha
                0x000000004001e520                strncat
                0x000000004001ed4c                memset
                0x000000004001f25c                srand
                0x000000004001de88                isgraph
                0x000000004001dcb4                isalnum
                0x000000004001df10                isprint
                0x000000004001e68c                strcmp
                0x000000004001e1c0                toascii
                0x000000004001e8d0                strcspn
                0x000000004001de44                isdigit
                0x000000004001f170                atoi
                0x000000004001ddec                iscntrl
                0x000000004001eaa8                strspn
                0x000000004001edc0                strlen
                0x000000004001e168                toupper
                0x000000004001f274                abs
                0x000000004001e864                strchr
                0x000000004001e96c                strpbrk
 *(.btsclib.text)
 .btsclib.text  0x000000004001f2e4      0x104 ././btlib/lib/btsclib.o
                0x000000004001f2e4                _ctype
 *(.sysinfo.prog)
 .sysinfo.prog  0x000000004001f3e8       0xf8 ././btlib/lib/sysinfo.o
                0x000000004001f470                SYSINFO_GetHWInformation
                0x000000004001f3e8                SYSINFO_GetBiosVersion
 *(.memlib.prog)
 .memlib.prog   0x000000004001f4e0      0x2b4 ././btlib/lib/memlib.o
                0x000000004001f4e0                MEMLIB_SetFlashSectorSize
                0x000000004001f6d4                MEMLIB_GetFlash1SectorErasingConditionWithBytes
                0x000000004001f580                MEMLIB_GetFlashBytesBlankStatus
                0x000000004001f604                MEMLIB_GetFlash1SectorErasingCondition
                0x000000004001f4f8                MEMLIB_GetFlash1SectorBlankStatus
 *(.beeplib.prog)
 .beeplib.prog  0x000000004001f794       0xd4 ././btlib/lib/beeplib.o
                0x000000004001f7c4                Beep_KeySoundDisable
                0x000000004001f818                Beep_EventSound
                0x000000004001f808                Beep_EventSoundDisable
                0x000000004001f7f4                Beep_EventSoundEnable
                0x000000004001f794                Beep_KeySoundEnable
 *(.rtclib.prog)
 .rtclib.prog   0x000000004001f868     0x1c74 ././btlib/lib/rtclib.o
                0x00000000400201f8                RTC_GetGregorianLeapMonth
                0x0000000040020dd8                RTC_Jalali2Gregorian
                0x000000004001f8e8                RTC_SetDateTime
                0x000000004001fb98                RTC_CheckGregorianInputDateTime
                0x000000004002047c                RTC_GetTime
                0x000000004002001c                RTC_GetGregorianDay
                0x000000004001f868                RTC_GetDateTime
                0x0000000040020764                RTC_Gregorian2Jalali
                0x00000000400202bc                RTC_GetGregorianBigMonth
                0x00000000400202e0                RTC_GetGregorianDays
 *(.rtclib.text)
 .rtclib.text   0x00000000400214dc       0x3c ././btlib/lib/rtclib.o
 *(.timerlib.prog)
 .timerlib.prog
                0x0000000040021518      0x368 ././btlib/lib/timerlib.o
                0x00000000400215ac                TIMER_GetElapsed10MSTime
                0x00000000400217dc                TIMER_WaitKeyPress1MS
                0x0000000040021598                TIMER_Get10MSTimer
                0x0000000040021618                TIMER_Get1SECTimer
                0x000000004002152c                TIMER_GetElapsed1MSTime
                0x0000000040021518                TIMER_Get1MSTimer
                0x000000004002177c                TIMER_Wait1MS
                0x0000000040021718                TIMER_GetElapsed1SECTime
 *(.msrlib.prog)
 .msrlib.prog   0x0000000040021880     0x10a4 ././btlib/lib/msrlib.o
                0x00000000400220cc                MSR_GetCardPAN
                0x00000000400226f4                MSR_CheckLuhnCheckSum
                0x0000000040022254                MSR_GetCardExpiryDate
                0x0000000040021880                MSR_GetTrack1Data
                0x0000000040021dd0                MSR_GetTrack3Data
                0x0000000040021a84                MSR_GetTrack2Data
                0x0000000040022454                MSR_GetCardServiceCode
                0x0000000040021f24                MSR_GetCardholderName
                0x00000000400228ac                MSR_ClearAllCardDataBuffer
 *(.commlib.prog)
 .commlib.prog  0x0000000040022924      0xa94 ././btlib/lib/commlib.o
                0x0000000040022b1c                RS232_ClearPointer
                0x0000000040022924                RS232_OpenPort
                0x0000000040022be8                RS232_ClearBuffer
                0x00000000400232a0                RS232_CheckRxInput
                0x0000000040022f54                RS232_Write
                0x0000000040023260                RS232_WaitTxDone
                0x0000000040022d74                RS232_Read
                0x0000000040023208                RS232_CheckTxDone
 *(.commlib.text)
 .commlib.text  0x00000000400233b8       0x20 ././btlib/lib/commlib.o
                0x00000000400233b8                BAUD_RATE_TABLE
 *(.lcdlib.prog)
 .lcdlib.prog   0x00000000400233d8      0xad8 ././btlib/lib/lcdlib.o
                0x0000000040023598                LCD_HighlightOff
                0x00000000400234d4                LCD_HighlightOn
                0x00000000400236ac                LCD_HighlightLineOff
                0x000000004002365c                LCD_HighlightLineOn
                0x000000004002382c                LCD_ClearScreen
                0x00000000400233d8                LCD_CursorOn
                0x0000000040023794                LCD_HighlightAllOff
                0x00000000400236fc                LCD_HighlightAllOn
                0x00000000400238d4                LCD_ClearLine
                0x0000000040023c58                LCD_DisplayLine
                0x0000000040023928                LCD_DisplayChar
                0x000000004002346c                LCD_CursorOff
                0x0000000040023a10                LCD_DisplayString
 *(.lcdlib.text)
 .lcdlib.text   0x0000000040023eb0       0x14 ././btlib/lib/lcdlib.o
 *(.keylib.prog)
 .keylib.prog   0x0000000040023ec4     0x44bc ././btlib/lib/keylib.o
                0x0000000040025fb4                KEY_InputChristianDate
                0x00000000400267c4                KEY_InputIranianDateTime
                0x00000000400255d0                KEY_InputChristianDateTime
                0x00000000400280ec                KEY_CheckIPAddress
                0x00000000400246fc                KEY_InputAmount
                0x000000004002463c                KEY_InputOneNo
                0x00000000400253ec                KEY_InputPassWord
                0x0000000040027058                KEY_InputIranianDate
                0x0000000040027b74                KEY_InputIPAddress
                0x0000000040027718                KEY_InputTime
                0x0000000040024fd8                KEY_InsertCommaAndDot
                0x0000000040023ec4                KEY_InputNoString
 *(.country.text)
 .country.text  0x0000000040028380       0x40 ././btlib/lib/country.o
                0x0000000040028380                MODEM_COUNTRY_CODE
 *(.hsmodem.prog)
 *(.hsmodem.text)
 *(.unzip.prog)
 .unzip.prog    0x00000000400283c0     0x3dd0 ././btlib/lib/unzip.o
                0x000000004002bfc0                Decompress
                0x000000004002c178                Unzip_SetFlashSectorSize
 *(.unzip.text)
 .unzip.text    0x000000004002c190      0x1c8 ././btlib/lib/unzip.o
 *(.tmslib.prog)
 .tmslib.prog   0x000000004002c358     0x2964 ././btlib/lib/tmslib.o
                0x000000004002ea94                TMS_CalDownloadROMFileLRC
                0x000000004002e7c8                TMS_SendDownloadDataAckNak
                0x000000004002d54c                SetTMSGprsModel
                0x000000004002d6e8                TMS_ClearBuf
                0x000000004002e978                TMS_SendDownloadEndAckNak
                0x000000004002c358                TMS_Process
                0x000000004002e6b4                TMS_SendDownloadStart
                0x000000004002da1c                TMS_SendResumePgmParamDownload
 *(.tmslib.text)
 .tmslib.text   0x000000004002ecbc       0x38 ././btlib/lib/tmslib.o
 *(.reftable)
 .reftable      0x000000004002ecf4       0x54 ././reftable.o
                0x000000004002ecf4                REFTABLE
 hal*(.text .rodata*)
 .text          0x000000004002ed48      0x164 ./lib/emvlib.a(hal_scs_cancel.o)
                0x000000004002ed48                hal_scs_cancel
 .text          0x000000004002eeac      0xa54 ./lib/emvlib.a(hal_scs_dev.o)
                0x000000004002f180                hal_scs_dev_cancel_transfer
                0x000000004002f0f4                hal_scs_dev_receive_data
                0x000000004002f4a8                hal_scs_dev_set_conv
                0x000000004002eeac                hal_scs_dev_send_data
                0x000000004002eef8                hal_scs_dev_send_data_T1
                0x000000004002f134                hal_scs_dev_receive_data_T1
                0x000000004002f694                SCIB_SET_BIT
                0x000000004002f41c                hal_scs_dev_gt_load
                0x000000004002f520                hal_scs_dev_read_reg
                0x000000004002f7c4                SCIB_CLR_BIT
                0x000000004002f330                hal_scs_dev_wt_load
                0x000000004002f5e0                hal_scs_dev_write_reg
                0x000000004002f2a4                hal_scs_dev_etu_load
 .text          0x000000004002f900      0x560 ./lib/emvlib.a(hal_scs_init.o)
                0x000000004002f900                hal_scs_init
 .text          0x000000004002fe60      0x6d8 ./lib/emvlib.a(hal_scs_ioctl.o)
                0x000000004002fe60                hal_scs_ioctl
 .rodata        0x0000000040030538       0x68 ./lib/emvlib.a(hal_scs_ioctl.o)
 .text          0x00000000400305a0      0x88c ./lib/emvlib.a(hal_scs_isr.o)
                0x0000000040030c38                hal_scs_isr2
                0x0000000040030a44                hal_scs_isr1
                0x00000000400305a0                hal_scs_isr
                0x0000000040030848                hal_scs_isr0
 .text          0x0000000040030e2c      0x21c ./lib/emvlib.a(hal_scs_set_config.o)
                0x0000000040030e2c                hal_scs_set_config
 .text          0x0000000040031048     0x1264 ./lib/emvlib.a(hal_apm.o)
                0x0000000040031598                hal_apm_set_cpu_mode_idle
                0x00000000400311f8                hal_apm_get_clock_frequency
                0x0000000040031f44                hal_apm_isr
                0x0000000040031c20                hal_apm_ioctl
                0x0000000040031048                hal_apm_init
                0x0000000040031a14                hal_apm_set_device_mode
                0x00000000400314f0                hal_apm_set_cpu_mode_normal
                0x00000000400312a8                hal_apm_set_cpu_mode_ultra_low_power
                0x00000000400317dc                hal_apm_reset_device
                0x00000000400316a0                hal_apm_get_cpu_mode
                0x00000000400310f4                hal_apm_shutdown
                0x0000000040031b3c                hal_apm_get_device_mode
                0x0000000040031d34                hal_apm_attach
                0x0000000040031e50                hal_apm_detach
                0x0000000040031108                hal_apm_set_clock_frequency
                0x0000000040032054                hal_apm_ack_cpu_mode_ultra_low_power
 .rodata        0x00000000400322ac       0x14 ./lib/emvlib.a(hal_apm.o)
 .text          0x00000000400322c0     0x24d8 ./lib/emvlib.a(hal_flash.o)
                0x0000000040032dd0                hal_flash_suspend
                0x0000000040033a18                hal_flash_otp_read
                0x000000004003290c                hal_flash_erase_sectors
                0x0000000040033764                hal_flash_otp_write
                0x0000000040033664                hal_flash_detach
                0x0000000040033570                hal_flash_attach
                0x00000000400324a0                hal_flash_shutdown
                0x0000000040032cac                hal_flash_write
                0x0000000040033b88                hal_flash_isr
                0x00000000400328d8                hal_flash_erase
                0x00000000400333c0                hal_flash_sign128
                0x000000004003282c                hal_flash_lock
                0x0000000040032d40                hal_flash_read
                0x0000000040033484                hal_flash_otp_sign128
                0x0000000040032534                hal_flash_get_info
                0x0000000040033b08                hal_flash_otp_read2
                0x0000000040033420                hal_flash_sign16
                0x00000000400334f8                hal_flash_otp_sign16
                0x0000000040033998                hal_flash_otp_write2
                0x000000004003308c                hal_flash_sign
                0x00000000400324bc                hal_flash_get_status
                0x00000000400322c0                hal_flash_init
                0x0000000040032ea0                hal_flash_resume
 .rodata        0x0000000040034798       0x20 ./lib/emvlib.a(hal_flash.o)
 .text          0x00000000400347b8     0x176c ./lib/emvlib.a(hal_i2c.o)
                0x0000000040035bbc                hal_i2c_write
                0x00000000400347b8                hal_i2c_init
                0x000000004003495c                hal_i2c_set_config
                0x0000000040035468                hal_i2c_detach
                0x0000000040035eb0                hal_i2c_stop_read
                0x0000000040035c8c                hal_i2c_start_read
                0x0000000040035da8                hal_i2c_read
                0x0000000040035a00                hal_i2c_start_write
                0x0000000040034ca8                hal_i2c_ioctl
                0x000000004003528c                hal_i2c_attach
                0x0000000040035704                hal_i2c_isr
                0x0000000040035908                hal_i2c_get_status
                0x0000000040034910                hal_i2c_shutdown
 .rodata        0x0000000040035f24       0x38 ./lib/emvlib.a(hal_i2c.o)
 .text          0x0000000040035f5c      0x324 ./lib/emvlib.a(hal_intr.o)
                0x00000000400360e0                hal_interrupt_get_isr
                0x0000000040035f5c                hal_interrupt_set_config
                0x0000000040036010                hal_interrupt_decode
                0x0000000040036200                hal_interrupt_detach
                0x000000004003615c                hal_interrupt_attach
 .rodata        0x0000000040036280       0x5c ./lib/emvlib.a(hal_intr.o)
 .text          0x00000000400362dc      0x268 ./lib/emvlib.a(hal_libc.o)
                0x00000000400364bc                hal_memcpy
                0x00000000400362dc                hal_memcmp
                0x0000000040036448                hal_memset
 .text          0x0000000040036544      0x600 ./lib/emvlib.a(hal_sys_alloc.o)
                0x00000000400366a4                hal_sys_pool_config
                0x0000000040036724                hal_sys_alloc
                0x0000000040036690                hal_sys_pool_shutdown
                0x00000000400368a0                hal_sys_free
                0x0000000040036544                hal_sys_pool_init
 .text          0x0000000040036b44     0x19d0 ./lib/emvlib.a(hal_timer.o)
                0x0000000040036b44                hal_timer_init
                0x000000004003796c                hal_timer_ioctl
                0x0000000040036c38                hal_timer_shutdown
                0x000000004003831c                hal_timer_detach
                0x0000000040038440                hal_timer_isr
                0x0000000040037538                hal_timer_get_status
                0x00000000400381b4                hal_timer_attach
                0x00000000400377f0                hal_timer_read
                0x000000004003766c                hal_timer_run
                0x000000004003772c                hal_timer_stop
                0x0000000040036f4c                hal_timer_set_config
 .text          0x0000000040038514      0x2a0 ./lib/emvlib.a(hal_apm_clock.o)
                0x0000000040038598                hal_apm_soft_change_clock_frequency
                0x0000000040038514                hal_apm_change_clock_frequency
 .text          0x00000000400387b4       0x44 ./lib/emvlib.a(hal_intr_mask.o)
                0x00000000400387b4                hal_interrupt_mask
                0x00000000400387d8                hal_interrupt_unmask
 .text          0x00000000400387f8      0x1cc ./lib/emvlib.a(hal_scs_analog.o)
                0x00000000400387f8                hal_scs_analog_check
                0x0000000040038918                hal_scs_analog_check_voltage
                0x000000004003886c                hal_scs_analog_card_presence
 .text          0x00000000400389c4      0x1ac ./lib/emvlib.a(hal_scs_clock.o)
                0x00000000400389c4                hal_scs_set_clock
 .text          0x0000000040038b70      0x58c ./lib/emvlib.a(hal_scs_counter.o)
                0x0000000040038d9c                hal_scs_counter_halt
                0x0000000040038d50                hal_scs_counter_start_bgt
                0x0000000040038c88                hal_scs_counter_start
                0x0000000040038f30                hal_scs_calculate_wt
                0x0000000040038e00                hal_scs_counter_set_gt
                0x0000000040038b70                hal_scs_counter_etu_set
                0x0000000040038eb4                hal_scs_counter_get_bgt
 .rodata        0x00000000400390fc       0x44 ./lib/emvlib.a(hal_scs_counter.o)
                0x00000000400390fc                hal_scs_ftab
                0x000000004003911c                hal_scs_dtab
 .text          0x0000000040039140      0x134 ./lib/emvlib.a(hal_scs_attach.o)
                0x0000000040039140                hal_scs_attach
 .text          0x0000000040039274       0xdc ./lib/emvlib.a(hal_scs_get_last_error.o)
                0x0000000040039274                hal_scs_get_last_error
 .text          0x0000000040039350      0x108 ./lib/emvlib.a(hal_scs_get_slot_info.o)
                0x0000000040039350                hal_scs_get_slot_info
 .text          0x0000000040039458      0x308 ./lib/emvlib.a(hal_scs_get_status.o)
                0x0000000040039458                hal_scs_get_status
 .text          0x0000000040039760      0x1e0 ./lib/emvlib.a(hal_scs_power_down.o)
                0x0000000040039760                hal_scs_power_down
 .text          0x0000000040039940      0x7cc ./lib/emvlib.a(hal_scs_power_up.o)
                0x0000000040039940                hal_scs_power_up
 .text          0x000000004003a10c      0x4c8 ./lib/emvlib.a(hal_scs_pps_exchange.o)
                0x000000004003a10c                hal_scs_pps_exchange
 .text          0x000000004003a5d4      0x1d4 ./lib/emvlib.a(hal_scs_set_slot_info.o)
                0x000000004003a5d4                hal_scs_set_slot_info
 .text          0x000000004003a7a8      0x5f4 ./lib/emvlib.a(hal_scs_t1_block.o)
                0x000000004003a7a8                hal_scs_t1_block
 .text          0x000000004003ad9c      0xa70 ./lib/emvlib.a(hal_scs_vsr_power_up.o)
                0x000000004003b614                hal_scs_atr_get_TCK
                0x000000004003b764                hal_scs_atr_get_interface_byte_num
                0x000000004003b6e4                hal_scs_atr_check_TDx
                0x000000004003ad9c                hal_scs_vsr_power_up
 .rodata        0x000000004003b80c       0x18 ./lib/emvlib.a(hal_scs_vsr_power_up.o)
 .text          0x000000004003b824      0x550 ./lib/emvlib.a(hal_scs_vsr_pps_exchange.o)
                0x000000004003b824                hal_scs_vsr_pps_exchange
 .rodata        0x000000004003bd74       0x14 ./lib/emvlib.a(hal_scs_vsr_pps_exchange.o)
 .text          0x000000004003bd88      0x5f8 ./lib/emvlib.a(hal_scs_vsr_t1_block.o)
                0x000000004003bd88                hal_scs_vsr_t1_block
 .rodata        0x000000004003c380       0x14 ./lib/emvlib.a(hal_scs_vsr_t1_block.o)
 .text          0x000000004003c394      0x234 ./lib/emvlib.a(hal_scs_handler.o)
                0x000000004003c4d8                hal_scs_handler_empty
                0x000000004003c460                hal_scs_handler_tx
                0x000000004003c394                hal_scs_handler_parity
 .text          0x000000004003c5c8      0x52c ./lib/emvlib.a(hal_scs_t0_in.o)
                0x000000004003c5c8                hal_scs_t0_in
 .text          0x000000004003caf4      0x50c ./lib/emvlib.a(hal_scs_t0_out.o)
                0x000000004003caf4                hal_scs_t0_out
 .text          0x000000004003d000      0x584 ./lib/emvlib.a(hal_scs_vsr_t0_in.o)
                0x000000004003d000                hal_scs_vsr_t0_in
 .rodata        0x000000004003d584       0x14 ./lib/emvlib.a(hal_scs_vsr_t0_in.o)
 .text          0x000000004003d598      0x4ac ./lib/emvlib.a(hal_scs_vsr_t0_out.o)
                0x000000004003d598                hal_scs_vsr_t0_out
 .rodata        0x000000004003da44       0x28 ./lib/emvlib.a(hal_scs_vsr_t0_out.o)
 emv*(.text .rodata*)
 .text          0x000000004003da6c      0x2c0 ./lib/emvlib.a(emv_init.o)
                0x000000004003da6c                emv_init
 .text          0x000000004003dd2c      0x3dc ./lib/emvlib.a(emv_timer.o)
                0x000000004003de10                emv_timer_init
                0x000000004003e0bc                emv_timer_halt
                0x000000004003dfd8                emv_timer_run
                0x000000004003dd2c                emv_timer_handler
 .rodata        0x000000004003e108       0x20 ./lib/emvlib.a(emv_timer.o)
                0x000000004003e108                emv_timer_clocks
 .text          0x000000004003e128     0x32d4 ./lib/emvl2.a(emv_APDU.o)
                0x0000000040040c40                fnAsc2Bcd
                0x000000004003ea08                gsc_ISOwrite
                0x0000000040041118                pfnHex2Asc
                0x00000000400409bc                debug_DOL
                0x000000004003ebb8                gsc_ISOread
                0x000000004003fff0                getTagInfo
                0x000000004003ef1c                ApduC4
                0x000000004003e6fc                gsc_SetCardTYPEandSLOT
                0x000000004003e254                gsc_Power
                0x0000000040041380                pfnRTC2YMDHMS
                0x000000004003ff90                getSysDOLsize
                0x000000004003e128                gsc_FWversion
                0x0000000040040ddc                fnD642Bcd
                0x0000000040040bb0                debugCDOL
                0x0000000040040f7c                fnBcd2D64
                0x0000000040040390                getDnL
                0x00000000400405ac                debug_FCI
                0x000000004003f508                ApduResponseCheck
                0x000000004003e53c                gsc_Status
                0x000000004003fd70                getEMVgbPinBlock
                0x000000004003ed14                Apdu
                0x0000000040041240                pfnAsc2Hex
                0x000000004003e634                gsc_ChangeParameters
                0x000000004003f870                pgbAppBufUpdate
                0x000000004003f7c0                pgbAppBufAdjust
                0x000000004003f288                ApduC2
                0x0000000040040110                getTnL
 *fill*         0x00000000400413fc        0x4 00
 .rodata        0x0000000040041400      0x508 ./lib/emvl2.a(emv_APDU.o)
                0x0000000040041468                gcTagName
                0x0000000040041400                fileNameCAPK
 .text          0x0000000040041908     0x1530 ./lib/emvlib.a(emv_power_up.o)
                0x0000000040042cf4                emv_power_up_ifsd_handle
                0x0000000040042940                emv_power_up_pps_handle
                0x0000000040041d58                emv_power_up_handler
                0x0000000040041908                emv_power_up
                0x000000004004272c                emv_pps_check
                0x0000000040042614                emv_pps_send
 .text          0x0000000040042e38      0x10c ./lib/emvlib.a(emv_set_slot_info.o)
                0x0000000040042e38                emv_set_slot_info
 .text          0x0000000040042f44     0x15c0 ./lib/emvlib.a(emv_t1.o)
                0x00000000400431a0                emv_t1_check_block
                0x0000000040042fcc                emv_t1_block
                0x000000004004380c                emv_t1_handler
                0x00000000400435d4                emv_t1_transmit
 .text          0x0000000040044504      0x2bc ./lib/emvlib.a(emv_transmit.o)
                0x0000000040044504                emv_transmit
 .text          0x00000000400447c0      0xbc0 ./lib/emvlib.a(emv_atr.o)
                0x0000000040045114                emv_calculate_timing
                0x00000000400447c0                emv_atr_parse
                0x00000000400452c8                emv_set_FD_values
 .rodata        0x0000000040045380       0x54 ./lib/emvlib.a(emv_atr.o)
 .text          0x00000000400453d4       0x30 ./lib/emvlib.a(emv_power_down.o)
                0x00000000400453d4                emv_power_down
 .text          0x0000000040045404      0x98c ./lib/emvlib.a(emv_t0.o)
                0x00000000400456b8                emv_t0_handler
                0x0000000040045404                emv_t0_transmit
 .rodata        0x0000000040045d90       0x24 ./lib/emvlib.a(emv_t0.o)
 at83*(.text .rodata*)
 .text          0x0000000040045db4     0x1248 ./lib/emvlib.a(at83c26_api.o)
                0x0000000040045e58                c26_general_init
                0x0000000040046754                c26_start_cvcc2
                0x0000000040046e0c                c26_SC1_auto_deactivate
                0x0000000040045db4                delay_us_atmel
                0x0000000040046c60                c26_start_cvcc5
                0x000000004004610c                c26_start_cvcc1
                0x0000000040045e98                c26_config1_init
                0x0000000040046908                c26_start_cvcc3
                0x0000000040046fc0                c26_SC3_auto_deactivate
                0x0000000040046274                c26_dcdca_start
                0x0000000040046fe8                c26_SC5_auto_deactivate
                0x0000000040046ab4                c26_start_cvcc4
                0x0000000040046fd4                c26_SC4_auto_deactivate
                0x0000000040046360                c26_dcdcb_start
                0x0000000040046fac                c26_SC2_auto_deactivate
 .text          0x0000000040046ffc      0x350 ./lib/emvlib.a(at83c26_lib.o)
                0x0000000040046ffc                twi_send_message_polling
                0x00000000400471f4                c26_read_command
                0x00000000400472d0                c26_write_command
 sc_at83*(.text .rodata*)
 .text          0x000000004004734c     0x13d4 ./lib/emvlib.a(sc_at83c26.o)
                0x0000000040047874                at83c26_set_line_rst
                0x0000000040047fe0                at83c26_ioctl
                0x0000000040047fc8                at83c26_attach
                0x0000000040047ae0                at83c26_set_power_up
                0x0000000040048364                at83c26_get_status
                0x0000000040048674                at83c26_check_selected
                0x0000000040047414                at83c26_select
                0x000000004004734c                valid_itf_atmel
                0x0000000040047e24                at83c26_init
 .rodata        0x0000000040048720      0x124 ./lib/emvlib.a(sc_at83c26.o)
                0x0000000040048720                at83c26_io
 *(.text)
 .text          0x0000000040048844     0x4c68 ././tmsdown.o
                0x000000004004c888                CheckAutoTMSDownloadStart
                0x000000004004aec8                SetTMSVariables
                0x000000004004c440                UpgradePOSParameter
                0x000000004004b090                SaveTMSDownloadInfo
                0x000000004004b050                InitializeTMSDownloadInfo
                0x000000004004b38c                EraseAllDataTMSDownloadInfo
                0x000000004004b3ec                LoadTMSDownloadSectorNo
                0x000000004004c598                BackupOrRestoreAppDownloadData
                0x000000004004b90c                CheckTMSUpgrade
                0x000000004004c2f0                EraseAppDataTMSDownloadInfo
                0x000000004004af4c                LoadTMSDownloadInfo
                0x000000004004c454                WriteApplicationOrParameter1Sector
                0x000000004004ae2c                ClearTMSDownloadBufAndRxBuf
                0x000000004004b170                SetInitialValueToTMSDownloadInfo
                0x0000000040048844                TMSDownloadTask
                0x000000004004cca8                GetAutoTMSDownloadingDate
                0x000000004004c7f0                GetZippedAppFlashSectorTopAddr
                0x000000004004bbb0                UpgradeApplication
                0x000000004004cff8                Output_TMSDownloadInfo
 .text          0x000000004004d4ac      0xa78 ././timeconv.o
                0x000000004004d6c0                time_to_tm
 .text          0x000000004004df24     0x3018 ././scard.o
                0x000000004004fc84                CompletionSub
                0x000000004004e750                appEmvTask
                0x0000000040050f04                TL_SetSlotNo
                0x000000004005096c                isoCardNo22Track2Data
                0x000000004004e088                WaitTxDone
                0x000000004004e140                app_UPDATEgsXRec_ICCbL3
                0x000000004004e124                DebugBUF
                0x000000004004f814                app_InitReferralCall
                0x000000004004f5d0                isoStrPANnExpDate
                0x00000000400507e8                EMVDISP
                0x000000004004fe4c                app_ApplicationSelection
                0x000000004004e1b8                STRDISP
                0x000000004004df24                deltaMS
                0x0000000040050c88                isoTrack2Data2CardNo2
                0x000000004004e1c4                gsc_IFMinit
                0x0000000040050ecc                Wait1MS
                0x000000004004e134                setDEBUG_COMport
                0x000000004004e008                RdCom
                0x000000004004f5b0                app_getPANamounts
                0x000000004004f308                app_SeletedAppTrmParameter
                0x000000004004e3a0                gsc_cmmdOUTPUTngetRESPONSE
                0x000000004004e468                BuildIccData
                0x000000004004e040                WrCom
                0x000000004004e5f4                CheckSmartCardSlot
                0x000000004004f9a4                OnLineProcessSub
                0x0000000040050f24                TL_GetSlotNo
                0x000000004004e14c                Lprintf
                0x000000004005039c                InitEmvLib
 .text          0x0000000040050f3c     0x1730 ././rtc.o
                0x0000000040050f3c                RTCTask
                0x000000004005249c                GetULDateTime
                0x0000000040051c7c                DisplayYYYYMMDD
                0x0000000040051e44                InitializeRTCDateTime
                0x0000000040052320                mktime
                0x0000000040051a34                LCDBacklightOnOffControl
                0x0000000040051d88                Displayhhmmss
                0x0000000040051b38                DisplayDateTime
                0x0000000040051eac                SetRTCDateTimeWhenPowerIsTurnedOn
 .text          0x000000004005266c     0x1c6c ././apppos.o
                0x0000000040053a68                SavePrintTransactionLog
                0x000000004005266c                DebugOutputTrxnLogData
                0x0000000040052f3c                LoadPOSUtilBuf
                0x0000000040053dc0                PrintReversalReceipt
                0x0000000040053bc0                SaveReprintingCount
                0x0000000040052fc4                SavePOSUtilBuf
                0x00000000400532a4                SaveTxTransactionLog
                0x0000000040053bcc                SaveReversalTransactionLog
                0x0000000040053cd4                GotoReversalMode
                0x0000000040054028                PerformReversalTransaction
                0x0000000040053838                SaveRxTransactionLog
                0x0000000040053f1c                PrintUnsuccessfulReversalReceipt
                0x0000000040053028                GetTransactionType
                0x00000000400528d4                DebugOutputTrxnLog
                0x00000000400528e4                GetNextTrxnParameter
 .text          0x00000000400542d8      0x5d8 ././rs232.o
                0x00000000400542d8                RS232Task
                0x000000004005485c                RS232Close
                0x00000000400547d4                RS232Open
 .text          0x00000000400548b0     0x9fec ././printer.o
                0x000000004005ca48                PrintMerchantAddress
                0x0000000040055c58                DetectPaper
                0x000000004005cfd8                PrintMerchantID
                0x000000004005e0c8                PrintBalance
                0x000000004005deac                PrintAmount
                0x000000004005e684                PrintAllEquals
                0x000000004005bb24                BuildReprintBillPaymentWithExternalPrinter
                0x000000004005c99c                PrintMerchantName
                0x000000004005cc3c                PrintDateAndTime
                0x000000004005c8f4                PrintStoreName
                0x000000004005639c                BuildPrintPOSInfoReport
                0x000000004005d16c                PrintTerminalID
                0x000000004005e320                PrintTotal
                0x000000004005e724                OutputReceiptData
                0x000000004005e544                PrintAllStars
                0x000000004005e5e4                PrintAllDashes
                0x00000000400548b0                PrintTask
                0x000000004005d868                PrintReferenceNo
                0x000000004005c614                PrintCardSystem
                0x0000000040055ca8                InitializePrinterParameter
                0x000000004005e2e4                PrintStoreAdvertisement
                0x000000004005c854                PrintPoweredbyPayMaster
                0x000000004005dd6c                PrintTraceNo
                0x00000000400596dc                BuildPrintBalanceReceipt
                0x000000004005a560                BuildPrintUnsuccessfulReversalReceipt
                0x000000004005cf04                PrintBuyTrxnName
                0x0000000040059e3c                BuildPrintReversalReceipt
                0x000000004005cba4                PrintULDateAndTime
                0x000000004005dc2c                PrintSeqNo
                0x000000004005c78c                PrintApplicationVersion
                0x000000004005daec                PrintBatchNo
                0x000000004005d9a8                PrintCustomerID
                0x00000000400589dc                BuildPrintEndOfDayReceipt
                0x000000004005d46c                PrintPAN
                0x000000004005d674                PrintApprovalNo
                0x0000000040057f18                BuildPrintTrxnReceipt
                0x000000004005caf0                PrintMultiMerchantStoreName
                0x000000004005abf8                BuildPrintTrxnsReport
                0x000000004005d2a4                PrintPOSSerialNo
                0x0000000040055e08                BuildPrintLine
                0x000000004005c6e0                PrintPaymasterLogo
                0x000000004005b718                BuildReprintBuyWithExternalPrinter
                0x0000000040055d7c                PrintSetFF
 .text          0x000000004005e89c     0x1914 ././main.o
                0x000000004005e89c                main
                0x000000004005f3b8                Output_SystemInfomation
 .text          0x00000000400601b0     0x1920 ././modem.o
                0x0000000040060994                ModemClose
                0x0000000040060914                ModemOpen
                0x0000000040060c98                AbnormalProcessingAfterTx
                0x0000000040060494                DisplayConnectionErrorConditionAndGotoInitialStatus
                0x0000000040060a68                CheckDisconnect
                0x0000000040060e68                OnlineTrxnResultProcessing
                0x0000000040060588                GetTrxnMenuActiveStatus
                0x00000000400603c4                DisplayConnectionErrorCondition
                0x000000004006021c                GetConnectionConditions
                0x00000000400601b0                ModemTask
                0x0000000040060b1c                AbnormalProcessingBeforeTx
 .text          0x0000000040061ad0     0x1368 ././flash.o
                0x00000000400623b0                LoadFlashPOSUtilInfo
                0x000000004006224c                WriteTransactionLog
                0x0000000040061e90                ResetPOSSetupInfo
                0x00000000400622a4                EraseAllTransactionLog
                0x0000000040061b74                SetInitialPOSSetupInfo
                0x0000000040062100                GetTcpIPLocalParameterChange
                0x0000000040061e40                InitializePOSSetupInfo
                0x0000000040062bcc                InitFlashParameters
                0x0000000040061fb4                WritePOSSetupInfo
                0x0000000040062b74                PauseUntilEnterkeyPressed
                0x0000000040061f54                ResetMerchantPassword
                0x0000000040061ad0                LoadPOSSetupInfo
                0x0000000040062ac0                WritePOSUtil
 .text          0x0000000040062e38    0x104a8 ././key.o
                0x00000000400631c0                BuildTrxnQueryString
                0x0000000040071660                MainStatusSetting
                0x00000000400727cc                ResetHelpDeskTelNo
                0x0000000040064ad0                BuildQueryString
                0x00000000400718ac                DisplayTrxnTelNo
                0x0000000040071f00                DisplayBlackListTelNo
                0x0000000040065110                InputKeyService
                0x0000000040071340                InitializeGlobalVariables
                0x0000000040071608                ClearTempKeyBufAndStringCopy
                0x0000000040071b24                ResetTrxnTelNo
                0x0000000040071720                ErrorDisplayAndGoInitialStatus
                0x00000000400717f8                ErrorDisplayAndGoErrorStatus
                0x0000000040072210                DisplayTMSTelNo
                0x0000000040072488                ResetTMSTelNo
                0x0000000040064d20                KeyTask
                0x0000000040071bf0                DisplayEODTelNo
                0x000000004006479c                SetReversalReqData
                0x0000000040063be4                BuildEftTotalQueryString
                0x000000004006fa0c                CancelKeyService
                0x0000000040072898                DisplayLCDMsgOrPrinterMsgInDebugMode
                0x0000000040071e34                ResetEODTelNo
                0x0000000040072554                DisplayHelpDeskTelNo
                0x0000000040062e38                InitTrxnReqData
                0x0000000040064cb8                dequeue_key
                0x0000000040072144                ResetBlackListTelNo
                0x0000000040063ffc                BuildCallHomeQueryString
                0x0000000040065e64                EnterKeyService
                0x0000000040070dc4                SetInitialStatus
 .text          0x00000000400732e0     0x86dc ././htmlutil.o
                0x0000000040076a04                ProcessEndTag
                0x000000004007b5c0                GetDecryptedSessionKey
                0x0000000040078be4                rc4_init
                0x00000000400762b4                AddTLVBuf
                0x000000004007a9f8                SHA256_Update
                0x000000004007ac9c                SHA256_Final
                0x0000000040078810                BuildHtmlRequestMessage
                0x0000000040078e54                SHA256_Transform
                0x00000000400765f0                ProcessStartTag
                0x0000000040077e8c                NIBSS_Parsing
                0x00000000400732e0                ProcessTagNValue
                0x0000000040076254                pop
                0x000000004007b224                hexStringToByteArray
                0x000000004007a970                SHA256_Init
                0x000000004007b89c                GetEncryptedTrack2
                0x00000000400783e0                GetHostAndMethod
                0x0000000040078d2c                rc4_crypt
                0x000000004007b040                SHA256_End
                0x000000004007b45c                GetValueOnly
                0x000000004007b178                SHA256_Data
                0x00000000400760b8                GetTagName
                0x00000000400761e0                push
                0x0000000040078b44                GetApplIdx
                0x000000004007b7b8                SHA256_Signature
 .text          0x000000004007b9bc     0x3000 ././hwtest.o
                0x000000004007dc14                LCDTest
                0x000000004007b9bc                MSRTest
                0x000000004007df9c                LCDDotTest
                0x000000004007d420                KeyTest_IC5100P
                0x000000004007e144                RS232Test
                0x000000004007e034                LCDContrastTest
                0x000000004007c3d4                ICCardTest
                0x000000004007e618                RTCTest
                0x000000004007caec                KeyTest_IC3100PE
                0x000000004007decc                LCDBacklightTest
 .text          0x000000004007e9bc     0x4218 ././sfontlib.o
                0x000000004007ed9c                InitFontInfo
                0x000000004008293c                LcdDrawTextA
                0x0000000040082284                LcdDrawRectA
                0x0000000040081cb8                lcd_printf
                0x000000004007fe3c                GetBitmap
                0x000000004007eee0                ClrScr
                0x0000000040081d64                lcd_printfA
                0x000000004007ed60                SetDisplayMode
                0x000000004007ee58                CloseFontInfo
                0x000000004007ed8c                GetDisplayMode
                0x00000000400806b0                LcdDisplayA
                0x0000000040080d5c                LcdTextOutA
                0x000000004007fdac                LcdDrawBitmapA
                0x0000000040081e60                LcdDrawPixelA
                0x000000004007f0c8                ClrScrA
                0x000000004007ec84                AttachExtFont
                0x0000000040081fd8                LcdDrawLineA
                0x000000004007e9bc                AddFont
                0x0000000040080c14                GetLcdTextPosA
                0x0000000040080cb8                GetLcdTextMetricsA
                0x000000004008252c                LcdDrawCircleA
                0x0000000040081f8c                GetLcdPixel
                0x0000000040080b78                SetTextPosA
                0x0000000040082698                LcdDrawEllipseA
                0x0000000040080684                LcdDisplay
                0x00000000400811a0                SetLcdULineA
                0x000000004007ee60                SelectFont
                0x0000000040080f48                SetLcdInvertA
                0x0000000040081c58                lcd_putcharA
 .text          0x0000000040082bd4     0x9ff4 ././gsm.o
                0x0000000040082fe0                GprsDataModeWrite
                0x0000000040083614                GprsCheckDisconnect
                0x00000000400832b0                GprsDisplaySIMErrorMessage
                0x0000000040087d10                GprsWavecomDisconnect
                0x0000000040082bd4                GprsOpen
                0x0000000040087c94                GprsDisconnect
                0x0000000040088ba4                GprsCinterionTask
                0x00000000400882e8                GprsCinterionDisconnect
                0x0000000040083780                GprsTask
                0x00000000400888b8                GprsModuleInitialize
                0x0000000040082d5c                GprsPowerOn
                0x00000000400837f0                GprsWavecomTask
                0x000000004008350c                GprsDisplayAntennaLevelBar
                0x00000000400831d0                SendRequestMessage
                0x0000000040082e1c                GprsPowerOff
                0x0000000040082f04                GprsSendCmdSetTime
                0x0000000040082ec0                GprsCmdModeWrite
 .text          0x000000004008cbc8      0x8a8 ././msr.o
                0x000000004008d40c                MSRRead
                0x000000004008d264                ClearAllMSRDataBuf
                0x000000004008d35c                MSREnable
                0x000000004008d3b4                MSRDisable
                0x000000004008cbc8                MSRTask
 .text          0x000000004008d470     0x531c ././btlib/bt_driver/cryptolib.o
                0x0000000040090480                SaveCryptoMem
                0x000000004008df64                CheckServerInfo
                0x000000004008d470                AES_InitCrc16
                0x000000004008fc00                CheckKeyBlockCrc
                0x000000004008f570                AESKeyInit
                0x000000004008fb9c                LoadCryptoTextM
                0x000000004008e6f4                _rtc_read_reg
                0x000000004008f9e4                SaveCryptoText
                0x000000004008d594                MakePublicKey1Checksum
                0x000000004008e8b4                WriteRandom
                0x000000004008e638                _rtc_write_reg
                0x000000004008e920                bitel_crypto_set_key
                0x000000004008f620                AES_CalculateCrc
                0x0000000040090510                CryptoKeyLoad
                0x000000004008e830                ReadRandom
                0x000000004008e504                _GetKeyInfoData
                0x000000004008fb04                LoadCryptoText
                0x000000004008d750                MakeTerminalInfo
                0x000000004008d52c                AES_Crc16
                0x000000004008faa0                SaveCryptoTextM
 .text          0x000000004009278c     0x795c ././btlib/bt_driver/ppdrv.o
                0x00000000400947f0                InputPinpadKey
                0x000000004009329c                RdPED
                0x0000000040099fbc                PinpadBypassTask
                0x0000000040099f1c                InitPinpadBypassTask
                0x00000000400985e0                EncryptWorkingKey
                0x0000000040099ea8                PED_GenerateMAC
                0x0000000040099e2c                PED_LoadInitKey
                0x0000000040099bb8                ComputeMAC
                0x0000000040092f20                InitComm
                0x00000000400930b8                DrvWrCom
                0x000000004009334c                SendRespPacket
                0x0000000040094720                CheckHexVal
                0x0000000040099830                dUKPT_getPEK
                0x0000000040094c4c                PinpadDrvTask
                0x00000000400986f0                SaveDukptKey
                0x0000000040098ee4                dUKPT_LoadInit
                0x000000004009a0ac                GetEncPinBlock
                0x0000000040092fa8                InitPinpadDrv
                0x0000000040092e18                Hex2Char
                0x00000000400930a0                SetPinpadMode
                0x00000000400931f0                WrPED
                0x000000004009278c                DisplayMsg
                0x0000000040093164                DrvRdCom
                0x0000000040092c5c                Char2Hex
                0x0000000040096c00                ProcPinData
                0x0000000040098838                LoadDukptKey
                0x0000000040099d04                PED_EncryptDUKPT
 .text          0x000000004009a0e8     0x159c ././btlib/lib/frmwri.o
                0x000000004009a9d4                _formatted_write
 .text          0x000000004009b684     0x31b0 ././btlib/lib/gsmlib.o
                0x000000004009b684                GprsWavecomInitialization
                0x000000004009d610                GprsCinterionInitialization
 .text          0x000000004009e834      0x59c ././btlib/lib/iconlib.o
                0x000000004009e834                DisplayGraphics
                0x000000004009ea04                DisplayAntennaIcon
                0x000000004009ea48                DisplaySimGprsIcon
                0x000000004009ed8c                DisplayInitialImage
                0x000000004009eb88                DisplayProcessingBar
 .text          0x000000004009edd0      0x114 ././btlib/lib/libc.o
                0x000000004009ee00                vsprintf
                0x000000004009ee68                sprintf
 .text          0x000000004009eee4     0x23c0 ././btlib/lib/magtek_msr.o
                0x000000004009ef8c                MAGTEK_MSR_NewMode_Card_Enable
                0x000000004009f824                MAGTEK_MSR_BuildTripleTrackRawDataWithFirstImageData
                0x00000000400a0ea0                MAGTEK_MSR_BuildTrackData
                0x00000000400a0240                MAGTEK_MSR_BuildForwardTrackRawDataWithSecondImageData
                0x00000000400a1134                MAGTEK_MSR_CheckOddParity
                0x00000000400a1218                Delay_382ns
                0x00000000400a0c1c                MAGTEK_MSR_RetrieveReverseTrackRawDataWithSecondImageData
                0x00000000400a07e0                MAGTEK_MSR_RetrieveReverseTrackRawDataWithFirstImageData
                0x000000004009fb14                MAGTEK_MSR_BuildForwardTrackRawDataWithFirstImageData
                0x00000000400a11b0                MAGTEK_MSR_CheckLRC
                0x000000004009f168                MAGTEK_MSR_NewModeArmedToReadSequence
                0x00000000400a0a58                MAGTEK_MSR_RetrieveForwardTrackRawDataWithSecondImageData
                0x000000004009fd00                MAGTEK_MSR_BuildReverseTrackRawDataWithFirstImageData
                0x00000000400a042c                MAGTEK_MSR_BuildReverseTrackRawDataWithSecondImageData
                0x00000000400a0618                MAGTEK_MSR_RetrieveForwardTrackRawDataWithFirstImageData
                0x000000004009efec                MAGTEK_MSR_NewModeReset
                0x000000004009f2ac                MAGTEK_MSR_NewModeReadTripleTrackImageData
                0x00000000400a1248                Delay_1us
                0x000000004009feec                MAGTEK_MSR_BuildTripleTrackRawDataWithSecondImageData
                0x000000004009efe4                MAGTEK_MSR_NewMode_Card_Disable
                0x000000004009eee4                MAGTEK_MSR_NewMode_Card_Read
 .text          0x00000000400a12a4      0x7b0 ././btlib/lib/printf.o
                0x00000000400a1384                OpenDebugPort
                0x00000000400a141c                Debug_Output
                0x00000000400a140c                DisableDebugOutput
                0x00000000400a1300                Rprintf
 .text          0x00000000400a1a54     0x16ac ././btlib/lib/utillib.o
                0x00000000400a2c8c                asc_to_str
                0x00000000400a23d0                asc2bcd
                0x00000000400a2d3c                RemoveLeadingSpaces
                0x00000000400a21ec                hch2hex
                0x00000000400a214c                Unsignedlong_to_HEX3
                0x00000000400a2380                hex2zch
                0x00000000400a1a54                IranianCode2BitelFarsiCode
                0x00000000400a2f68                RemoveLeadingAndTrailingSpaces
                0x00000000400a2e48                RemoveTrailingSpaces
                0x00000000400a2100                HEX2_to_UnsignedShort
                0x00000000400a1d58                IndianNo2FarsiNo
                0x00000000400a29fc                bcd_to_str
                0x00000000400a28f4                str_to_bcd
                0x00000000400a1be0                BitelFarsiCode2OlivettiPR4SLCode
                0x00000000400a265c                zasc2bcd
                0x00000000400a22b0                hex2hch
                0x00000000400a279c                bcd2zasc
                0x00000000400a2bd0                str_to_asc
                0x00000000400a20d0                UnsignedShort_to_HEX2
                0x00000000400a2324                zch2hex
                0x00000000400a2b80                asc_to_asc
                0x00000000400a2510                bcd2asc
                0x00000000400a2a5c                str_to_zbcd
                0x00000000400a1dfc                BuildBitMap
                0x00000000400a1cc8                BitelFarsiCode2BP3000Code
                0x00000000400a1fdc                BitMap_Test
                0x00000000400a2b00                zbcd_to_str
                0x00000000400a2188                HEX3_to_Unsignedlong
                0x00000000400a2cec                memcpy_null
 .text          0x00000000400a3100       0xd4 ./lib/atoflib.a(_ATOF.o)
                0x00000000400a3100                atof
 .text          0x00000000400a31d4     0x1444 ./lib/atoflib.a(__AFCNV.o)
                0x00000000400a31d4                _afcnv
 .text          0x00000000400a4618      0x4c0 ./lib/libe.a(_divdf3.o)
                0x00000000400a4618                __divdf3
 .text          0x00000000400a4ad8      0x4b8 ./lib/libe.a(_muldf3.o)
                0x00000000400a4ad8                __muldf3
 .text          0x00000000400a4f90      0x510 ./lib/libe.a(_adddf3.o)
                0x00000000400a4f90                __adddf3
                0x00000000400a5490                __subdf3
 .text          0x00000000400a54a0       0xe0 ./lib/libe.a(_fixdfsi.o)
                0x00000000400a54a0                __fixdfsi
 .text          0x00000000400a5580       0xb0 ./lib/libe.a(_floatsidf.o)
                0x00000000400a5580                __floatsidf
 .text          0x00000000400a5630       0x68 ./lib/libe.a(_nedf2.o)
                0x00000000400a5630                __nedf2
 .text          0x00000000400a5698       0x68 ./lib/libe.a(_gedf2.o)
                0x00000000400a5698                __gedf2
 .text          0x00000000400a5700       0x68 ./lib/libe.a(_ltdf2.o)
                0x00000000400a5700                __ltdf2
 .text          0x00000000400a5768       0x68 ./lib/libe.a(_ledf2.o)
                0x00000000400a5768                __ledf2
 .text          0x00000000400a57d0       0x98 ./lib/libe.a(_orderdf2.o)
                0x00000000400a57d0                __orderdf2
 .text          0x00000000400a5868      0xcf4 ./lib/emvl2.a(DES_ECB.o)
                0x00000000400a64ec                encMK10
                0x00000000400a5c68                permuted_choice
                0x00000000400a5868                stringcpy
                0x00000000400a5ce8                shift_left_regs
                0x00000000400a5adc                xor
                0x00000000400a5b58                confusion
                0x00000000400a5a50                expansion_permutation
                0x00000000400a60e4                des
                0x00000000400a5dfc                shift_right_regs
                0x00000000400a58d0                straight_permutation
                0x00000000400a5990                invert_permutation
 .text          0x00000000400a655c     0x8e6c ./lib/emvl2.a(EMV_APP.o)
                0x00000000400aa824                app_TRMprocess
                0x00000000400a9f1c                app_CVMprocess
                0x00000000400ade50                app_EncipheredPinVerifyOnLine
                0x00000000400ae45c                app_updateGenACresults
                0x00000000400a655c                app_initTrmTrxnVariables
                0x00000000400a8dc8                app_ReadApplicationData
                0x00000000400a70a4                app_BuildCandidateList
                0x00000000400adac0                app_EncipheredPinVerifyICC
                0x00000000400a76a4                app_ReadRecordPSD
                0x00000000400aeff8                app_makeDOLobjects
                0x00000000400ab7b0                app_Completion
                0x00000000400aed50                app_getTC_HashValue
                0x00000000400ad654                app_CombinedCDAproc
                0x00000000400aebec                app_checkSamePrimitiveTag
                0x00000000400aeae4                app_checkTVRwithIACorTAC
                0x00000000400ae8c4                app_checkGenACresults
                0x00000000400aece8                app_checkTrmSupportOnLine
                0x00000000400ae334                app_PlaintextPinVerifyICC
                0x00000000400ac550                app_IssuerScriptProcess
                0x00000000400a8664                app_GetProcessingOptions
                0x00000000400adf08                app_getPinTryCounter
                0x00000000400ae04c                app_getDataPinBlock
                0x00000000400ac2dc                UpdateTrmISR
                0x00000000400a98a4                app_OfflineDataAuthentication
                0x00000000400acc50                app_OffLineSDAproc
                0x00000000400ae1ec                app_checkVERIFYstatus
                0x00000000400ab594                app_CAAprocess
                0x00000000400aef48                app_searchTAGinDOL
                0x00000000400ad0ac                app_OffLineDDAproc
                0x00000000400ab690                app_OnLineProcess
                0x00000000400ac024                app_IssuerAuthentication
                0x00000000400a7fc0                app_makeApplicationList
                0x00000000400ab108                app_TAAprocess
                0x00000000400a9b10                app_ProcessRestrictions
 .text          0x00000000400af3c8     0x2418 ./lib/emvl2.a(EMV_CAT.o)
                0x00000000400b15cc                app_comparePKE
                0x00000000400b1678                app_comparePAN
                0x00000000400af3c8                SetTrmARC
                0x00000000400af450                SetTrmCAPK
                0x00000000400b0a64                retrive_ICCpinEncPK
                0x00000000400b1780                app_compareCSN
                0x00000000400af7c4                SetTrmRevocList
                0x00000000400afc88                retrive_IssuerPK
                0x00000000400af7f4                app_pgsTrmRsaKeyMake
                0x00000000400b1340                app_compareYYMMDD
                0x00000000400b1490                app_compareMMYY
                0x00000000400b10a0                app_checkYYMMDD
                0x00000000400b02cc                retrive_ICCardPK
                0x00000000400afa7c                retrive_CAPK
                0x00000000400af7dc                SetTrmExcepList
 .text          0x00000000400b17e0      0xc80 ./lib/emvl2.a(gem_TL.o)
                0x00000000400b17e0                TL_SendReceive
                0x00000000400b22fc                TL_Open
                0x00000000400b244c                TL_Close
 .text          0x00000000400b2460     0x237c ./lib/emvl2.a(r_enhanc.o)
                0x00000000400b3434                R_OpenUpdate
                0x00000000400b2de0                R_SealInit
                0x00000000400b29cc                R_SignFinal
                0x00000000400b393c                R_VerifyPEMSignature
                0x00000000400b2b74                R_VerifyUpdate
                0x00000000400b24e4                R_DigestInit
                0x00000000400b387c                R_SignBlock
                0x00000000400b2be0                R_VerifyFinal
                0x00000000400b2ff4                R_SealUpdate
                0x00000000400b2778                R_DigestFinal
                0x00000000400b37a8                R_SignPEMBlock
                0x00000000400b3610                R_OpenFinal
                0x00000000400b3a54                R_VerifyBlockSignature
                0x00000000400b31cc                R_SealFinal
                0x00000000400b2460                R_RSAEuroInfo
                0x00000000400b3b14                R_SealPEMBlock
                0x00000000400b3fc8                R_DecryptOpenPEMBlock
                0x00000000400b41f8                R_EncryptOpenPEMBlock
                0x00000000400b3c9c                R_OpenPEMBlock
                0x00000000400b2b14                R_VerifyInit
                0x00000000400b2620                R_DigestUpdate
                0x00000000400b2960                R_SignUpdate
                0x00000000400b2900                R_SignInit
                0x00000000400b3f0c                R_DigestBlock
                0x00000000400b3288                R_OpenInit
 .text          0x00000000400b47dc      0xa44 ./lib/emvl2.a(r_keygen.o)
                0x00000000400b47dc                R_GeneratePEMKeys
 .text          0x00000000400b5220      0x73c ./lib/emvl2.a(r_random.o)
                0x00000000400b53f0                R_GenerateBytes
                0x00000000400b5278                R_RandomUpdate
                0x00000000400b53cc                R_GetRandomBytesNeeded
                0x00000000400b56e8                R_RandomMix
                0x00000000400b55ac                R_RandomFinal
                0x00000000400b55e4                R_RandomCreate
                0x00000000400b5220                R_RandomInit
 .text          0x00000000400b595c      0xef0 ./lib/emvl2.a(rsa.o)
                0x00000000400b5eb8                RSAPrivateDecrypt
                0x00000000400b595c                RSAPublicEncrypt
                0x00000000400b60d0                RsaPublicKeyFunction
                0x00000000400b5d54                RSAPrivateEncrypt
                0x00000000400b62a4                RsaPrivateKeyFunction
                0x00000000400b5b30                RSAPublicDecrypt
 .text          0x00000000400b684c     0x46f8 ./lib/emvl2.a(shsc.o)
                0x00000000400b68e4                SHSUpdate
                0x00000000400b6b1c                SHSFinal
                0x00000000400b684c                SHSInit
 .text          0x00000000400baf44     0x1f10 ./lib/emvl2.a(NN.o)
                0x00000000400bbe70                NN_Mod
                0x00000000400bb350                NN_Mult
                0x00000000400bb78c                NN_Div
                0x00000000400bc9b4                NN_Digits
                0x00000000400bb064                NN_Encode
                0x00000000400bca4c                NN_Add
                0x00000000400baf44                NN_Decode
                0x00000000400bb23c                NN_Sub
                0x00000000400bc2d8                NN_ModInv
                0x00000000400bbf40                NN_ModExp
                0x00000000400bb5c8                NN_LShift
                0x00000000400bc770                NN_Bits
                0x00000000400bb16c                NN_AssignZero
                0x00000000400bc950                NN_Assign
                0x00000000400bc8e0                NN_Zero
                0x00000000400bbec8                NN_ModMult
                0x00000000400bc808                NN_Cmp
                0x00000000400bc52c                NN_Gcd
                0x00000000400bb1b8                NN_Assign2Exp
                0x00000000400bb6a8                NN_RShift
 .text          0x00000000400bce54     0x2d50 ./lib/emvl2.a(desc.o)
                0x00000000400bd0fc                DESX_CBCInit
                0x00000000400bd0d0                DES_CBCRestart
                0x00000000400be058                desfunc
                0x00000000400bd438                DESX_CBCRestart
                0x00000000400bd95c                unscrunch
                0x00000000400bd1dc                DESX_CBCUpdate
                0x00000000400bcee4                DES_CBCUpdate
                0x00000000400bd7f0                scrunch
                0x00000000400bd464                DES3_CBCInit
                0x00000000400bce54                DES_CBCInit
                0x00000000400bd590                DES3_CBCUpdate
                0x00000000400bd7c4                DES3_CBCRestart
                0x00000000400bda80                deskey
 .text          0x00000000400bfba4      0x4c0 ./lib/emvl2.a(md2c.o)
                0x00000000400bfc08                MD2Update
                0x00000000400bfd78                MD2Final
                0x00000000400bfba4                MD2Init
 .text          0x00000000400c0064     0x12c0 ./lib/emvl2.a(md4c.o)
                0x00000000400c0270                MD4Final
                0x00000000400c00c0                MD4Update
                0x00000000400c0064                MD4Init
 .text          0x00000000400c1324     0x1b80 ./lib/emvl2.a(md5c.o)
                0x00000000400c1530                MD5Final
                0x00000000400c1324                MD5Init
                0x00000000400c1380                MD5Update
 .text          0x00000000400c2ea4      0x538 ./lib/emvl2.a(prime.o)
                0x00000000400c2ea4                GeneratePrime
 .text          0x00000000400c33dc      0x634 ./lib/emvl2.a(r_encode.o)
                0x00000000400c33dc                R_EncodePEMBlock
                0x00000000400c34fc                R_DecodePEMBlock
 *(.rodata*)
 .rodata        0x00000000400c3a10      0xfd8 ././tmsdown.o
 .rodata        0x00000000400c49e8       0x34 ././timeconv.o
 *fill*         0x00000000400c4a1c        0x4 00
 .rodata        0x00000000400c4a20      0x2a8 ././scard.o
                0x00000000400c4cb4                gcTrmCAPK
                0x00000000400c4cb8                gcTrmExcepList
                0x00000000400c4cc0                gcTrmDATA
                0x00000000400c4a20                gcHex2Asc
                0x00000000400c4cbc                gcTrmRevocList
                0x00000000400c4a30                tbl_IccDataList